Archive member included to satisfy reference by file (symbol)

c:/st/stm32cubeide_1.5.1_install/stm32cubeide/plugins/com.st.stm32cube.ide.mcu.externaltools.gnu-tools-for-stm32.7-2018-q2-update.win32_1.5.0.202011040924/tools/bin/../lib/gcc/arm-none-eabi/7.3.1/../../../../arm-none-eabi/lib/thumb/v7e-m/fpv4-sp/hard\libc_nano.a(lib_a-errno.o)
                              Core/Src/syscalls.o (__errno)
c:/st/stm32cubeide_1.5.1_install/stm32cubeide/plugins/com.st.stm32cube.ide.mcu.externaltools.gnu-tools-for-stm32.7-2018-q2-update.win32_1.5.0.202011040924/tools/bin/../lib/gcc/arm-none-eabi/7.3.1/../../../../arm-none-eabi/lib/thumb/v7e-m/fpv4-sp/hard\libc_nano.a(lib_a-exit.o)
                              c:/st/stm32cubeide_1.5.1_install/stm32cubeide/plugins/com.st.stm32cube.ide.mcu.externaltools.gnu-tools-for-stm32.7-2018-q2-update.win32_1.5.0.202011040924/tools/bin/../lib/gcc/arm-none-eabi/7.3.1/../../../../arm-none-eabi/lib/thumb/v7e-m/fpv4-sp/hard/crt0.o (exit)
c:/st/stm32cubeide_1.5.1_install/stm32cubeide/plugins/com.st.stm32cube.ide.mcu.externaltools.gnu-tools-for-stm32.7-2018-q2-update.win32_1.5.0.202011040924/tools/bin/../lib/gcc/arm-none-eabi/7.3.1/../../../../arm-none-eabi/lib/thumb/v7e-m/fpv4-sp/hard\libc_nano.a(lib_a-impure.o)
                              c:/st/stm32cubeide_1.5.1_install/stm32cubeide/plugins/com.st.stm32cube.ide.mcu.externaltools.gnu-tools-for-stm32.7-2018-q2-update.win32_1.5.0.202011040924/tools/bin/../lib/gcc/arm-none-eabi/7.3.1/../../../../arm-none-eabi/lib/thumb/v7e-m/fpv4-sp/hard\libc_nano.a(lib_a-exit.o) (_global_impure_ptr)
c:/st/stm32cubeide_1.5.1_install/stm32cubeide/plugins/com.st.stm32cube.ide.mcu.externaltools.gnu-tools-for-stm32.7-2018-q2-update.win32_1.5.0.202011040924/tools/bin/../lib/gcc/arm-none-eabi/7.3.1/../../../../arm-none-eabi/lib/thumb/v7e-m/fpv4-sp/hard\libc_nano.a(lib_a-init.o)
                              c:/st/stm32cubeide_1.5.1_install/stm32cubeide/plugins/com.st.stm32cube.ide.mcu.externaltools.gnu-tools-for-stm32.7-2018-q2-update.win32_1.5.0.202011040924/tools/bin/../lib/gcc/arm-none-eabi/7.3.1/../../../../arm-none-eabi/lib/thumb/v7e-m/fpv4-sp/hard/crt0.o (__libc_init_array)
c:/st/stm32cubeide_1.5.1_install/stm32cubeide/plugins/com.st.stm32cube.ide.mcu.externaltools.gnu-tools-for-stm32.7-2018-q2-update.win32_1.5.0.202011040924/tools/bin/../lib/gcc/arm-none-eabi/7.3.1/../../../../arm-none-eabi/lib/thumb/v7e-m/fpv4-sp/hard\libc_nano.a(lib_a-memset.o)
                              c:/st/stm32cubeide_1.5.1_install/stm32cubeide/plugins/com.st.stm32cube.ide.mcu.externaltools.gnu-tools-for-stm32.7-2018-q2-update.win32_1.5.0.202011040924/tools/bin/../lib/gcc/arm-none-eabi/7.3.1/../../../../arm-none-eabi/lib/thumb/v7e-m/fpv4-sp/hard/crt0.o (memset)
c:/st/stm32cubeide_1.5.1_install/stm32cubeide/plugins/com.st.stm32cube.ide.mcu.externaltools.gnu-tools-for-stm32.7-2018-q2-update.win32_1.5.0.202011040924/tools/bin/../lib/gcc/arm-none-eabi/7.3.1/../../../../arm-none-eabi/lib/thumb/v7e-m/fpv4-sp/hard\libc_nano.a(lib_a-puts.o)
                              Core/Src/SDCP.o (puts)
c:/st/stm32cubeide_1.5.1_install/stm32cubeide/plugins/com.st.stm32cube.ide.mcu.externaltools.gnu-tools-for-stm32.7-2018-q2-update.win32_1.5.0.202011040924/tools/bin/../lib/gcc/arm-none-eabi/7.3.1/../../../../arm-none-eabi/lib/thumb/v7e-m/fpv4-sp/hard\libc_nano.a(lib_a-wbuf.o)
                              c:/st/stm32cubeide_1.5.1_install/stm32cubeide/plugins/com.st.stm32cube.ide.mcu.externaltools.gnu-tools-for-stm32.7-2018-q2-update.win32_1.5.0.202011040924/tools/bin/../lib/gcc/arm-none-eabi/7.3.1/../../../../arm-none-eabi/lib/thumb/v7e-m/fpv4-sp/hard\libc_nano.a(lib_a-puts.o) (__swbuf_r)
c:/st/stm32cubeide_1.5.1_install/stm32cubeide/plugins/com.st.stm32cube.ide.mcu.externaltools.gnu-tools-for-stm32.7-2018-q2-update.win32_1.5.0.202011040924/tools/bin/../lib/gcc/arm-none-eabi/7.3.1/../../../../arm-none-eabi/lib/thumb/v7e-m/fpv4-sp/hard\libc_nano.a(lib_a-wsetup.o)
                              c:/st/stm32cubeide_1.5.1_install/stm32cubeide/plugins/com.st.stm32cube.ide.mcu.externaltools.gnu-tools-for-stm32.7-2018-q2-update.win32_1.5.0.202011040924/tools/bin/../lib/gcc/arm-none-eabi/7.3.1/../../../../arm-none-eabi/lib/thumb/v7e-m/fpv4-sp/hard\libc_nano.a(lib_a-puts.o) (__swsetup_r)
c:/st/stm32cubeide_1.5.1_install/stm32cubeide/plugins/com.st.stm32cube.ide.mcu.externaltools.gnu-tools-for-stm32.7-2018-q2-update.win32_1.5.0.202011040924/tools/bin/../lib/gcc/arm-none-eabi/7.3.1/../../../../arm-none-eabi/lib/thumb/v7e-m/fpv4-sp/hard\libc_nano.a(lib_a-fflush.o)
                              c:/st/stm32cubeide_1.5.1_install/stm32cubeide/plugins/com.st.stm32cube.ide.mcu.externaltools.gnu-tools-for-stm32.7-2018-q2-update.win32_1.5.0.202011040924/tools/bin/../lib/gcc/arm-none-eabi/7.3.1/../../../../arm-none-eabi/lib/thumb/v7e-m/fpv4-sp/hard\libc_nano.a(lib_a-wbuf.o) (_fflush_r)
[...]
Memory Configuration

Name             Origin             Length             Attributes
RAM              0x0000000020000000 0x0000000000018000 xrw
FLASH            0x0000000008000000 0x0000000000080000 xr
*default*        0x0000000000000000 0xffffffffffffffff

Linker script and memory map

LOAD c:/st/stm32cubeide_1.5.1_install/stm32cubeide/plugins/com.st.stm32cube.ide.mcu.externaltools.gnu-tools-for-stm32.7-2018-q2-update.win32_1.5.0.202011040924/tools/bin/../lib/gcc/arm-none-eabi/7.3.1/thumb/v7e-m/fpv4-sp/hard/crti.o
LOAD c:/st/stm32cubeide_1.5.1_install/stm32cubeide/plugins/com.st.stm32cube.ide.mcu.externaltools.gnu-tools-for-stm32.7-2018-q2-update.win32_1.5.0.202011040924/tools/bin/../lib/gcc/arm-none-eabi/7.3.1/thumb/v7e-m/fpv4-sp/hard/crtbegin.o
LOAD c:/st/stm32cubeide_1.5.1_install/stm32cubeide/plugins/com.st.stm32cube.ide.mcu.externaltools.gnu-tools-for-stm32.7-2018-q2-update.win32_1.5.0.202011040924/tools/bin/../lib/gcc/arm-none-eabi/7.3.1/../../../../arm-none-eabi/lib/thumb/v7e-m/fpv4-sp/hard/crt0.o
LOAD Core/Src/Configurations.o
LOAD Core/Src/EHW_Test.o
LOAD Core/Src/Flash.o
LOAD Core/Src/HPF.o
LOAD Core/Src/LCD_GUI.o
LOAD Core/Src/LCD_Nokia5110.o
LOAD Core/Src/LCD_characterBitmaps.o
LOAD Core/Src/LED.o
LOAD Core/Src/MPU6050.o
LOAD Core/Src/Motion_Processing.o
LOAD Core/Src/Protocol_Manager.o
LOAD Core/Src/Rotary_Encoder.o
LOAD Core/Src/SDCP.o
LOAD Core/Src/System.o
LOAD Core/Src/Task_Manager.o
LOAD Core/Src/Timing_Measurement.o
LOAD Core/Src/UART.o
LOAD Core/Src/main.o
LOAD Core/Src/stm32f4xx_hal_msp.o
LOAD Core/Src/stm32f4xx_it.o
LOAD Core/Src/syscalls.o
LOAD Core/Src/sysmem.o
LOAD Core/Src/system_stm32f4xx.o
LOAD Core/Startup/startup_stm32f401retx.o
LOAD Drivers/STM32F4xx_HAL_Driver/Src/stm32f4xx_hal.o
LOAD Drivers/STM32F4xx_HAL_Driver/Src/stm32f4xx_hal_adc.o
LOAD Drivers/STM32F4xx_HAL_Driver/Src/stm32f4xx_hal_adc_ex.o
LOAD Drivers/STM32F4xx_HAL_Driver/Src/stm32f4xx_hal_cortex.o
LOAD Drivers/STM32F4xx_HAL_Driver/Src/stm32f4xx_hal_dma.o
LOAD Drivers/STM32F4xx_HAL_Driver/Src/stm32f4xx_hal_dma_ex.o
LOAD Drivers/STM32F4xx_HAL_Driver/Src/stm32f4xx_hal_exti.o
LOAD Drivers/STM32F4xx_HAL_Driver/Src/stm32f4xx_hal_flash.o
LOAD Drivers/STM32F4xx_HAL_Driver/Src/stm32f4xx_hal_flash_ex.o
LOAD Drivers/STM32F4xx_HAL_Driver/Src/stm32f4xx_hal_flash_ramfunc.o
LOAD Drivers/STM32F4xx_HAL_Driver/Src/stm32f4xx_hal_gpio.o
LOAD Drivers/STM32F4xx_HAL_Driver/Src/stm32f4xx_hal_pwr.o
LOAD Drivers/STM32F4xx_HAL_Driver/Src/stm32f4xx_hal_pwr_ex.o
LOAD Drivers/STM32F4xx_HAL_Driver/Src/stm32f4xx_hal_rcc.o
LOAD Drivers/STM32F4xx_HAL_Driver/Src/stm32f4xx_hal_rcc_ex.o
LOAD Drivers/STM32F4xx_HAL_Driver/Src/stm32f4xx_hal_tim.o
LOAD Drivers/STM32F4xx_HAL_Driver/Src/stm32f4xx_hal_tim_ex.o
START GROUP
LOAD c:/st/stm32cubeide_1.5.1_install/stm32cubeide/plugins/com.st.stm32cube.ide.mcu.externaltools.gnu-tools-for-stm32.7-2018-q2-update.win32_1.5.0.202011040924/tools/bin/../lib/gcc/arm-none-eabi/7.3.1/../../../../arm-none-eabi/lib/thumb/v7e-m/fpv4-sp/hard\libc_nano.a
LOAD c:/st/stm32cubeide_1.5.1_install/stm32cubeide/plugins/com.st.stm32cube.ide.mcu.externaltools.gnu-tools-for-stm32.7-2018-q2-update.win32_1.5.0.202011040924/tools/bin/../lib/gcc/arm-none-eabi/7.3.1/../../../../arm-none-eabi/lib/thumb/v7e-m/fpv4-sp/hard\libm.a
END GROUP
START GROUP
LOAD c:/st/stm32cubeide_1.5.1_install/stm32cubeide/plugins/com.st.stm32cube.ide.mcu.externaltools.gnu-tools-for-stm32.7-2018-q2-update.win32_1.5.0.202011040924/tools/bin/../lib/gcc/arm-none-eabi/7.3.1/thumb/v7e-m/fpv4-sp/hard\libgcc.a
LOAD c:/st/stm32cubeide_1.5.1_install/stm32cubeide/plugins/com.st.stm32cube.ide.mcu.externaltools.gnu-tools-for-stm32.7-2018-q2-update.win32_1.5.0.202011040924/tools/bin/../lib/gcc/arm-none-eabi/7.3.1/../../../../arm-none-eabi/lib/thumb/v7e-m/fpv4-sp/hard\libc_nano.a
END GROUP
START GROUP
LOAD c:/st/stm32cubeide_1.5.1_install/stm32cubeide/plugins/com.st.stm32cube.ide.mcu.externaltools.gnu-tools-for-stm32.7-2018-q2-update.win32_1.5.0.202011040924/tools/bin/../lib/gcc/arm-none-eabi/7.3.1/thumb/v7e-m/fpv4-sp/hard\libgcc.a
LOAD c:/st/stm32cubeide_1.5.1_install/stm32cubeide/plugins/com.st.stm32cube.ide.mcu.externaltools.gnu-tools-for-stm32.7-2018-q2-update.win32_1.5.0.202011040924/tools/bin/../lib/gcc/arm-none-eabi/7.3.1/../../../../arm-none-eabi/lib/thumb/v7e-m/fpv4-sp/hard\libc_nano.a
LOAD c:/st/stm32cubeide_1.5.1_install/stm32cubeide/plugins/com.st.stm32cube.ide.mcu.externaltools.gnu-tools-for-stm32.7-2018-q2-update.win32_1.5.0.202011040924/tools/bin/../lib/gcc/arm-none-eabi/7.3.1/../../../../arm-none-eabi/lib/thumb/v7e-m/fpv4-sp/hard\libnosys.a
END GROUP
START GROUP
LOAD c:/st/stm32cubeide_1.5.1_install/stm32cubeide/plugins/com.st.stm32cube.ide.mcu.externaltools.gnu-tools-for-stm32.7-2018-q2-update.win32_1.5.0.202011040924/tools/bin/../lib/gcc/arm-none-eabi/7.3.1/thumb/v7e-m/fpv4-sp/hard\libgcc.a
LOAD c:/st/stm32cubeide_1.5.1_install/stm32cubeide/plugins/com.st.stm32cube.ide.mcu.externaltools.gnu-tools-for-stm32.7-2018-q2-update.win32_1.5.0.202011040924/tools/bin/../lib/gcc/arm-none-eabi/7.3.1/../../../../arm-none-eabi/lib/thumb/v7e-m/fpv4-sp/hard\libc_nano.a
LOAD c:/st/stm32cubeide_1.5.1_install/stm32cubeide/plugins/com.st.stm32cube.ide.mcu.externaltools.gnu-tools-for-stm32.7-2018-q2-update.win32_1.5.0.202011040924/tools/bin/../lib/gcc/arm-none-eabi/7.3.1/../../../../arm-none-eabi/lib/thumb/v7e-m/fpv4-sp/hard\libnosys.a
END GROUP
LOAD c:/st/stm32cubeide_1.5.1_install/stm32cubeide/plugins/com.st.stm32cube.ide.mcu.externaltools.gnu-tools-for-stm32.7-2018-q2-update.win32_1.5.0.202011040924/tools/bin/../lib/gcc/arm-none-eabi/7.3.1/thumb/v7e-m/fpv4-sp/hard/crtend.o
LOAD c:/st/stm32cubeide_1.5.1_install/stm32cubeide/plugins/com.st.stm32cube.ide.mcu.externaltools.gnu-tools-for-stm32.7-2018-q2-update.win32_1.5.0.202011040924/tools/bin/../lib/gcc/arm-none-eabi/7.3.1/thumb/v7e-m/fpv4-sp/hard/crtn.o
                0x0000000020018000                _estack = (ORIGIN (RAM) + LENGTH (RAM))
                0x0000000000000200                _Min_Heap_Size = 0x200
                0x0000000000000600                _Min_Stack_Size = 0x600

.isr_vector     0x0000000008000000      0x194
                0x0000000008000000                . = ALIGN (0x4)
 *(.isr_vector)
 .isr_vector    0x0000000008000000      0x194 Core/Startup/startup_stm32f401retx.o
                0x0000000008000000                g_pfnVectors
                0x0000000008000194                . = ALIGN (0x4)

.text           0x0000000008000198     0xcc30
                0x0000000008000198                . = ALIGN (0x4)
 *(.text)
 .text          0x0000000008000198       0x40 c:/st/stm32cubeide_1.5.1_install/stm32cubeide/plugins/com.st.stm32cube.ide.mcu.externaltools.gnu-tools-for-stm32.7-2018-q2-update.win32_1.5.0.202011040924/tools/bin/../lib/gcc/arm-none-eabi/7.3.1/thumb/v7e-m/fpv4-sp/hard/crtbegin.o
 .text          0x00000000080001d8      0x378 c:/st/stm32cubeide_1.5.1_install/stm32cubeide/plugins/com.st.stm32cube.ide.mcu.externaltools.gnu-tools-for-stm32.7-2018-q2-update.win32_1.5.0.202011040924/tools/bin/../lib/gcc/arm-none-eabi/7.3.1/thumb/v7e-m/fpv4-sp/hard\libgcc.a(_arm_addsubdf3.o)
                0x00000000080001d8                __aeabi_drsub
                0x00000000080001e0                __aeabi_dsub
                0x00000000080001e0                __subdf3
                0x00000000080001e4                __aeabi_dadd
                0x00000000080001e4                __adddf3
                0x000000000800045c                __floatunsidf
                0x000000000800045c                __aeabi_ui2d
                0x000000000800047c                __floatsidf
                0x000000000800047c                __aeabi_i2d
                0x00000000080004a0                __aeabi_f2d
                0x00000000080004a0                __extendsfdf2
                0x00000000080004e4                __floatundidf
                0x00000000080004e4                __aeabi_ul2d
                0x00000000080004f4                __floatdidf
                0x00000000080004f4                __aeabi_l2d
 .text          0x0000000008000550      0x424 c:/st/stm32cubeide_1.5.1_install/stm32cubeide/plugins/com.st.stm32cube.ide.mcu.externaltools.gnu-tools-for-stm32.7-2018-q2-update.win32_1.5.0.202011040924/tools/bin/../lib/gcc/arm-none-eabi/7.3.1/thumb/v7e-m/fpv4-sp/hard\libgcc.a(_arm_muldivdf3.o)
                0x0000000008000550                __aeabi_dmul
                0x0000000008000550                __muldf3
                0x00000000080007a4                __divdf3
                0x00000000080007a4                __aeabi_ddiv
 .text          0x0000000008000974       0x40 c:/st/stm32cubeide_1.5.1_install/stm32cubeide/plugins/com.st.stm32cube.ide.mcu.externaltools.gnu-tools-for-stm32.7-2018-q2-update.win32_1.5.0.202011040924/tools/bin/../lib/gcc/arm-none-eabi/7.3.1/thumb/v7e-m/fpv4-sp/hard\libgcc.a(_arm_fixunsdfsi.o)
                0x0000000008000974                __aeabi_d2uiz
                0x0000000008000974                __fixunsdfsi
 .text          0x00000000080009b4       0xa0 c:/st/stm32cubeide_1.5.1_install/stm32cubeide/plugins/com.st.stm32cube.ide.mcu.externaltools.gnu-tools-for-stm32.7-2018-q2-update.win32_1.5.0.202011040924/tools/bin/../lib/gcc/arm-none-eabi/7.3.1/thumb/v7e-m/fpv4-sp/hard\libgcc.a(_arm_truncdfsf2.o)
                0x00000000080009b4                __truncdfsf2
                0x00000000080009b4                __aeabi_d2f
 *(.text*)
 .text.Config_write
                0x0000000008000a54      0x1dc Core/Src/Configurations.o
                0x0000000008000a54                Config_write
 .text.Config_read
                0x0000000008000c30       0x30 Core/Src/Configurations.o
                0x0000000008000c30                Config_read
 .text.Flash_Unlock
                0x0000000008000c60       0x44 Core/Src/Flash.o
                0x0000000008000c60                Flash_Unlock
 .text.Flash_Lock
                0x0000000008000ca4       0x30 Core/Src/Flash.o
                0x0000000008000ca4                Flash_Lock
 .text.Flash_Sector_Erase
                0x0000000008000cd4       0xc0 Core/Src/Flash.o
                0x0000000008000cd4                Flash_Sector_Erase
 .text.Flash_writeByte
                0x0000000008000d94       0xe4 Core/Src/Flash.o
                0x0000000008000d94                Flash_writeByte
 .text.Flash_write
                0x0000000008000e78       0x56 Core/Src/Flash.o
                0x0000000008000e78                Flash_write
 .text.Flash_read
                0x0000000008000ece       0x40 Core/Src/Flash.o
                0x0000000008000ece                Flash_read
 *fill*         0x0000000008000f0e        0x2 
 .text.LCD_GUI_Init
                0x0000000008000f10       0xc4 Core/Src/LCD_GUI.o
                0x0000000008000f10                LCD_GUI_Init
 .text.LCD_GUI_Config_Screen
                0x0000000008000fd4       0x78 Core/Src/LCD_GUI.o
 .text.LCD_GUI_Config_Screen_A
                0x000000000800104c       0x78 Core/Src/LCD_GUI.o
 .text.LCD_GUI_Config_Screen_IMU_settings_A
                0x00000000080010c4      0x12c Core/Src/LCD_GUI.o
 .text.LCD_GUI_Config_Screen_IMU_settings_B
                0x00000000080011f0      0x12c Core/Src/LCD_GUI.o
 .text.LCD_GUI_Config_Screen_IMU_settings_C
                0x000000000800131c       0x9c Core/Src/LCD_GUI.o
 .text.LCD_GUI_Config_Screen_IMU_settings_D
                0x00000000080013b8       0x9c Core/Src/LCD_GUI.o
 .text.LCD_GUI_Config_Screen_IMU_settings_E
                0x0000000008001454       0xe4 Core/Src/LCD_GUI.o
 .text.LCD_GUI_Config_Screen_IMU_settings_F
                0x0000000008001538       0xe4 Core/Src/LCD_GUI.o
 .text.LCD_GUI_Config_Screen_B
                0x000000000800161c       0x78 Core/Src/LCD_GUI.o
 .text.LCD_GUI_Config_Screen_CF_settings_A
                0x0000000008001694       0xa4 Core/Src/LCD_GUI.o
 .text.LCD_GUI_Config_Screen_CF_settings_B
                0x0000000008001738       0xa4 Core/Src/LCD_GUI.o
 .text.LCD_GUI_Config_Screen_CF_settings_C
                0x00000000080017dc       0x84 Core/Src/LCD_GUI.o
 .text.LCD_GUI_Config_Screen_CF_settings_D
                0x0000000008001860       0x84 Core/Src/LCD_GUI.o
 .text.LCD_GUI_Config_Screen_Tilt_Detection_settings_A
                0x00000000080018e4       0xa4 Core/Src/LCD_GUI.o
 .text.LCD_GUI_Config_Screen_Tilt_Detection_settings_B
                0x0000000008001988       0xa4 Core/Src/LCD_GUI.o
 .text.LCD_GUI_Config_Screen_Tilt_Detection_settings_C
                0x0000000008001a2c       0x84 Core/Src/LCD_GUI.o
 .text.LCD_GUI_Config_Screen_Tilt_Detection_settings_D
                0x0000000008001ab0       0x84 Core/Src/LCD_GUI.o
 .text.LCD_GUI_Config_Screen_Vibration_Detection_settings_A
                0x0000000008001b34       0xa4 Core/Src/LCD_GUI.o
 .text.LCD_GUI_Config_Screen_Vibration_Detection_settings_B
                0x0000000008001bd8       0xa4 Core/Src/LCD_GUI.o
 .text.LCD_GUI_Config_Screen_Vibration_Detection_settings_C
                0x0000000008001c7c       0x84 Core/Src/LCD_GUI.o
 .text.LCD_GUI_Config_Screen_Vibration_Detection_settings_D
                0x0000000008001d00       0x84 Core/Src/LCD_GUI.o
 .text.LCD_GUI_Config_Screen_LED_settings_A
                0x0000000008001d84      0x11c Core/Src/LCD_GUI.o
 .text.LCD_GUI_Config_Screen_LED_settings_B
                0x0000000008001ea0      0x11c Core/Src/LCD_GUI.o
 .text.LCD_GUI_Config_Screen_LED_settings_C
                0x0000000008001fbc       0xc8 Core/Src/LCD_GUI.o
 .text.LCD_GUI_Config_Screen_LED_settings_D
                0x0000000008002084       0xc8 Core/Src/LCD_GUI.o
 .text.LCD_GUI_Config_Screen_C
                0x000000000800214c       0x78 Core/Src/LCD_GUI.o
 .text.LCD_GUI_Config_Screen_D
                0x00000000080021c4       0x78 Core/Src/LCD_GUI.o
 .text.LCD_GUI_Config_Screen_E
                0x000000000800223c       0x78 Core/Src/LCD_GUI.o
 .text.LCD_GUI_Config_Screen_F
                0x00000000080022b4       0x78 Core/Src/LCD_GUI.o
 .text.LCD_GUI_Accel_Raw
                0x000000000800232c       0x9c Core/Src/LCD_GUI.o
 .text.LCD_GUI_Accel_Processed
                0x00000000080023c8       0x9c Core/Src/LCD_GUI.o
 .text.LCD_GUI_Gyro_Raw
                0x0000000008002464       0x9c Core/Src/LCD_GUI.o
 .text.LCD_GUI_Gyro_Processed
                0x0000000008002500       0x9c Core/Src/LCD_GUI.o
 .text.LCD_GUI_RYP_Accel
                0x000000000800259c       0xac Core/Src/LCD_GUI.o
 .text.LCD_GUI_RYP_Gyro
                0x0000000008002648       0xac Core/Src/LCD_GUI.o
 .text.LCD_GUI_RYP_Filter
                0x00000000080026f4       0xac Core/Src/LCD_GUI.o
 .text.LCD_GUI_Motion_Detection
                0x00000000080027a0      0x138 Core/Src/LCD_GUI.o
 .text.LCD_GUI_Update
                0x00000000080028d8     0x1ba4 Core/Src/LCD_GUI.o
                0x00000000080028d8                LCD_GUI_Update
 .text.__NVIC_EnableIRQ
                0x000000000800447c       0x3c Core/Src/LCD_Nokia5110.o
 .text.__NVIC_SetPriority
                0x00000000080044b8       0x54 Core/Src/LCD_Nokia5110.o
 .text.Nokia5110_clear
                0x000000000800450c       0x44 Core/Src/LCD_Nokia5110.o
                0x000000000800450c                Nokia5110_clear
 .text.Nokia5110_SysTick_delay_ms
                0x0000000008004550       0x54 Core/Src/LCD_Nokia5110.o
 .text.Nokia5110_GPIO_Init
                0x00000000080045a4       0xdc Core/Src/LCD_Nokia5110.o
                0x00000000080045a4                Nokia5110_GPIO_Init
 .text.Nokia5110_SPI_Init
                0x0000000008004680       0x94 Core/Src/LCD_Nokia5110.o
                0x0000000008004680                Nokia5110_SPI_Init
 .text.Nokia5110_SPI_DMA_TransferByte
                0x0000000008004714      0x108 Core/Src/LCD_Nokia5110.o
                0x0000000008004714                Nokia5110_SPI_DMA_TransferByte
 .text.DMA1_Stream4_IRQHandler
                0x000000000800481c       0x58 Core/Src/LCD_Nokia5110.o
                0x000000000800481c                DMA1_Stream4_IRQHandler
 .text.Nokia5110_writeByte
                0x0000000008004874       0x50 Core/Src/LCD_Nokia5110.o
                0x0000000008004874                Nokia5110_writeByte
 .text.Nokia5110_updateDisplay
                0x00000000080048c4      0x108 Core/Src/LCD_Nokia5110.o
                0x00000000080048c4                Nokia5110_updateDisplay
 .text.Nokia5110_Init
                0x00000000080049cc       0xa8 Core/Src/LCD_Nokia5110.o
                0x00000000080049cc                Nokia5110_Init
 .text.Nokia5110_printASCII
                0x0000000008004a74      0x364 Core/Src/LCD_Nokia5110.o
                0x0000000008004a74                Nokia5110_printASCII
 .text.Nokia5110_printString
                0x0000000008004dd8       0x2a Core/Src/LCD_Nokia5110.o
                0x0000000008004dd8                Nokia5110_printString
 *fill*         0x0000000008004e02        0x2 
 .text.Nokia5110_printU8
                0x0000000008004e04      0x148 Core/Src/LCD_Nokia5110.o
                0x0000000008004e04                Nokia5110_printU8
 .text.Nokia5110_printU16
                0x0000000008004f4c      0x194 Core/Src/LCD_Nokia5110.o
                0x0000000008004f4c                Nokia5110_printU16
 .text.Nokia5110_printU32
                0x00000000080050e0      0x280 Core/Src/LCD_Nokia5110.o
                0x00000000080050e0                Nokia5110_printU32
 .text.Nokia5110_printU32_NB
                0x0000000008005360      0x2f4 Core/Src/LCD_Nokia5110.o
                0x0000000008005360                Nokia5110_printU32_NB
 .text.Nokia5110_printI32
                0x0000000008005654       0x2a Core/Src/LCD_Nokia5110.o
                0x0000000008005654                Nokia5110_printI32
 *fill*         0x000000000800567e        0x2 
 .text.Nokia5110_printFloat
                0x0000000008005680      0x13c Core/Src/LCD_Nokia5110.o
                0x0000000008005680                Nokia5110_printFloat
 .text.CBM_ascii5x8
                0x00000000080057bc     0x1028 Core/Src/LCD_characterBitmaps.o
                0x00000000080057bc                CBM_ascii5x8
 .text.LED_Init
                0x00000000080067e4      0x1c0 Core/Src/LED.o
                0x00000000080067e4                LED_Init
 .text.LED_Update
                0x00000000080069a4      0x4fc Core/Src/LED.o
                0x00000000080069a4                LED_Update
 .text.LED_PWM_Map
                0x0000000008006ea0       0x3c Core/Src/LED.o
                0x0000000008006ea0                LED_PWM_Map
 .text.I2C1_Init
                0x0000000008006edc       0xc8 Core/Src/MPU6050.o
                0x0000000008006edc                I2C1_Init
 .text.MPU6050_read_register
                0x0000000008006fa4      0x10c Core/Src/MPU6050.o
                0x0000000008006fa4                MPU6050_read_register
 .text.I2C1_Start
                0x00000000080070b0       0x88 Core/Src/MPU6050.o
                0x00000000080070b0                I2C1_Start
 .text.I2C1_MasterReadRequest
                0x0000000008007138       0x80 Core/Src/MPU6050.o
                0x0000000008007138                I2C1_MasterReadRequest
 .text.I2C1_Poll_RxNE
                0x00000000080071b8       0x60 Core/Src/MPU6050.o
                0x00000000080071b8                I2C1_Poll_RxNE
 .text.I2C1_Poll_BTF
                0x0000000008007218       0x60 Core/Src/MPU6050.o
                0x0000000008007218                I2C1_Poll_BTF
 .text.I2C1_Read
                0x0000000008007278      0x28c Core/Src/MPU6050.o
                0x0000000008007278                I2C1_Read
 .text.I2C1_writeByte
                0x0000000008007504      0x194 Core/Src/MPU6050.o
                0x0000000008007504                I2C1_writeByte
 .text.MPU6050_write_register
                0x0000000008007698       0xd4 Core/Src/MPU6050.o
                0x0000000008007698                MPU6050_write_register
 .text.MPU6050_updateConfig
                0x000000000800776c      0x114 Core/Src/MPU6050.o
                0x000000000800776c                MPU6050_updateConfig
 .text.MPU6050_Init
                0x0000000008007880      0x17c Core/Src/MPU6050.o
                0x0000000008007880                MPU6050_Init
 .text.MPU6050_readSensorData
                0x00000000080079fc      0x36c Core/Src/MPU6050.o
                0x00000000080079fc                MPU6050_readSensorData
 .text.MPU6050_readAllSensorData
                0x0000000008007d68      0x38c Core/Src/MPU6050.o
                0x0000000008007d68                MPU6050_readAllSensorData
 .text.MPU6050_calibrate
                0x00000000080080f4      0x1d4 Core/Src/MPU6050.o
                0x00000000080080f4                MPU6050_calibrate
 .text.writeToFrame_filterCoeff
                0x00000000080082c8       0xb0 Core/Src/Motion_Processing.o
 .text.writeToFrame_Roll
                0x0000000008008378       0xb0 Core/Src/Motion_Processing.o
 .text.writeToFrame_Pitch
                0x0000000008008428       0xb0 Core/Src/Motion_Processing.o
 .text.writeToFrame_Yaw
                0x00000000080084d8       0xb0 Core/Src/Motion_Processing.o
 .text.MP_Init  0x0000000008008588      0x28c Core/Src/Motion_Processing.o
                0x0000000008008588                MP_Init
 *fill*         0x0000000008008814        0x4 
 .text.MP_Update
                0x0000000008008818      0x91c Core/Src/Motion_Processing.o
                0x0000000008008818                MP_Update
 .text.verifyChecksum
                0x0000000008009134       0x8c Core/Src/Protocol_Manager.o
 .text.obtainChecksum
                0x00000000080091c0       0x80 Core/Src/Protocol_Manager.o
 .text.PM_getMsgFramePriority
                0x0000000008009240       0x44 Core/Src/Protocol_Manager.o
                0x0000000008009240                PM_getMsgFramePriority
 .text.PM_Init  0x0000000008009284      0x1bc Core/Src/Protocol_Manager.o
                0x0000000008009284                PM_Init
 .text.PM_push_transmit_buffer
                0x0000000008009440       0x64 Core/Src/Protocol_Manager.o
 .text.PM_SMF_Tx_Handler
                0x00000000080094a4      0x37c Core/Src/Protocol_Manager.o
                0x00000000080094a4                PM_SMF_Tx_Handler
 .text.PM_Rx_Handler
                0x0000000008009820       0xec Core/Src/Protocol_Manager.o
                0x0000000008009820                PM_Rx_Handler
 .text.PM_SMF_Rx_Handler
                0x000000000800990c      0x538 Core/Src/Protocol_Manager.o
                0x000000000800990c                PM_SMF_Rx_Handler
 .text.PM_FTOR_Handler
                0x0000000008009e44      0x280 Core/Src/Protocol_Manager.o
                0x0000000008009e44                PM_FTOR_Handler
 .text.PM_TMC_Rx_Handler
                0x000000000800a0c4      0x24c Core/Src/Protocol_Manager.o
                0x000000000800a0c4                PM_TMC_Rx_Handler
 .text.PM_BTR_Rx_Handler
                0x000000000800a310      0x22c Core/Src/Protocol_Manager.o
                0x000000000800a310                PM_BTR_Rx_Handler
 .text.PM_BTR_Tx_Handler
                0x000000000800a53c       0xc0 Core/Src/Protocol_Manager.o
                0x000000000800a53c                PM_BTR_Tx_Handler
 .text.Protocol_Manager
                0x000000000800a5fc       0x38 Core/Src/Protocol_Manager.o
                0x000000000800a5fc                Protocol_Manager
 .text.__NVIC_EnableIRQ
                0x000000000800a634       0x3c Core/Src/Rotary_Encoder.o
 .text.__NVIC_SetPriority
                0x000000000800a670       0x54 Core/Src/Rotary_Encoder.o
 .text.RotaryEncoder_Init
                0x000000000800a6c4       0xc4 Core/Src/Rotary_Encoder.o
                0x000000000800a6c4                RotaryEncoder_Init
 .text.EXTI15_10_IRQHandler
                0x000000000800a788      0x230 Core/Src/Rotary_Encoder.o
                0x000000000800a788                EXTI15_10_IRQHandler
 .text.SDCP_encode
                0x000000000800a9b8       0xbc Core/Src/SDCP.o
                0x000000000800a9b8                SDCP_encode
 .text.SDCP_decode
                0x000000000800aa74       0x5a Core/Src/SDCP.o
                0x000000000800aa74                SDCP_decode
 *fill*         0x000000000800aace        0x2 
 .text.SDCP_RXNQ
                0x000000000800aad0      0x298 Core/Src/SDCP.o
                0x000000000800aad0                SDCP_RXNQ
 .text.SDCP_RXDQ
                0x000000000800ad68      0x1b0 Core/Src/SDCP.o
                0x000000000800ad68                SDCP_RXDQ
 .text.SDCP_BTR_FSM_update
                0x000000000800af18       0xc8 Core/Src/SDCP.o
                0x000000000800af18                SDCP_BTR_FSM_update
 .text.SDCP_WPF
                0x000000000800afe0      0x17c Core/Src/SDCP.o
                0x000000000800afe0                SDCP_WPF
 .text.SDCP_RPF
                0x000000000800b15c      0x154 Core/Src/SDCP.o
                0x000000000800b15c                SDCP_RPF
 .text.SDCP_BTR_push
                0x000000000800b2b0      0x194 Core/Src/SDCP.o
                0x000000000800b2b0                SDCP_BTR_push
 .text.System_ClockInit
                0x000000000800b444       0xd0 Core/Src/System.o
                0x000000000800b444                System_ClockInit
 .text.System_SysTick_delay_ms
                0x000000000800b514       0x54 Core/Src/System.o
                0x000000000800b514                System_SysTick_delay_ms
 .text.TM_addTask
                0x000000000800b568       0x80 Core/Src/Task_Manager.o
                0x000000000800b568                TM_addTask
 .text.TM_dispatcher
                0x000000000800b5e8       0xec Core/Src/Task_Manager.o
                0x000000000800b5e8                TM_dispatcher
 .text.__NVIC_EnableIRQ
                0x000000000800b6d4       0x3c Core/Src/Timing_Measurement.o
 .text.__NVIC_SetPriority
                0x000000000800b710       0x54 Core/Src/Timing_Measurement.o
 .text.Ticks_setTicks
                0x000000000800b764      0x180 Core/Src/Timing_Measurement.o
                0x000000000800b764                Ticks_setTicks
 .text.Ticks_TicksToUs
                0x000000000800b8e4       0xa8 Core/Src/Timing_Measurement.o
                0x000000000800b8e4                Ticks_TicksToUs
 .text.Ticks_enableInterrupt
                0x000000000800b98c       0x20 Core/Src/Timing_Measurement.o
                0x000000000800b98c                Ticks_enableInterrupt
 .text.TIM4_IRQHandler
                0x000000000800b9ac       0x34 Core/Src/Timing_Measurement.o
                0x000000000800b9ac                TIM4_IRQHandler
 .text.Tick_Handler
                0x000000000800b9e0       0x44 Core/Src/Timing_Measurement.o
                0x000000000800b9e0                Tick_Handler
 .text.__NVIC_EnableIRQ
                0x000000000800ba24       0x3c Core/Src/UART.o
 .text.UART_Init
                0x000000000800ba60      0x114 Core/Src/UART.o
                0x000000000800ba60                UART_Init
 .text.UART_Receive_DMA_Enable
                0x000000000800bb74       0xcc Core/Src/UART.o
                0x000000000800bb74                UART_Receive_DMA_Enable
 .text.DMA2_Stream2_IRQHandler
                0x000000000800bc40       0x30 Core/Src/UART.o
                0x000000000800bc40                DMA2_Stream2_IRQHandler
 .text.UART_DMA_Transmit
                0x000000000800bc70       0xcc Core/Src/UART.o
                0x000000000800bc70                UART_DMA_Transmit
 .text.DMA2_Stream7_IRQHandler
                0x000000000800bd3c       0x38 Core/Src/UART.o
                0x000000000800bd3c                DMA2_Stream7_IRQHandler
 .text.main     0x000000000800bd74      0x100 Core/Src/main.o
                0x000000000800bd74                main
 .text.NMI_Handler
                0x000000000800be74        0x6 Core/Src/stm32f4xx_it.o
                0x000000000800be74                NMI_Handler
 .text.HardFault_Handler
                0x000000000800be7a        0x6 Core/Src/stm32f4xx_it.o
                0x000000000800be7a                HardFault_Handler
 .text.MemManage_Handler
                0x000000000800be80        0x6 Core/Src/stm32f4xx_it.o
                0x000000000800be80                MemManage_Handler
 .text.BusFault_Handler
                0x000000000800be86        0x6 Core/Src/stm32f4xx_it.o
                0x000000000800be86                BusFault_Handler
 .text.UsageFault_Handler
                0x000000000800be8c        0x6 Core/Src/stm32f4xx_it.o
                0x000000000800be8c                UsageFault_Handler
 .text.SVC_Handler
                0x000000000800be92        0xe Core/Src/stm32f4xx_it.o
                0x000000000800be92                SVC_Handler
 .text.DebugMon_Handler
                0x000000000800bea0        0xe Core/Src/stm32f4xx_it.o
                0x000000000800bea0                DebugMon_Handler
 .text.PendSV_Handler
                0x000000000800beae        0xe Core/Src/stm32f4xx_it.o
                0x000000000800beae                PendSV_Handler
 .text.SysTick_Handler
                0x000000000800bebc        0xc Core/Src/stm32f4xx_it.o
                0x000000000800bebc                SysTick_Handler
 .text._read    0x000000000800bec8       0x3a Core/Src/syscalls.o
                0x000000000800bec8                _read
 .text._write   0x000000000800bf02       0x38 Core/Src/syscalls.o
                0x000000000800bf02                _write
 .text._close   0x000000000800bf3a       0x18 Core/Src/syscalls.o
                0x000000000800bf3a                _close
 .text._fstat   0x000000000800bf52       0x20 Core/Src/syscalls.o
                0x000000000800bf52                _fstat
 .text._isatty  0x000000000800bf72       0x16 Core/Src/syscalls.o
                0x000000000800bf72                _isatty
 .text._lseek   0x000000000800bf88       0x1a Core/Src/syscalls.o
                0x000000000800bf88                _lseek
 *fill*         0x000000000800bfa2        0x2 
 .text._sbrk    0x000000000800bfa4       0x6c Core/Src/sysmem.o
                0x000000000800bfa4                _sbrk
 .text.SystemInit
                0x000000000800c010       0x2c Core/Src/system_stm32f4xx.o
                0x000000000800c010                SystemInit
 .text.Reset_Handler
                0x000000000800c03c       0x50 Core/Startup/startup_stm32f401retx.o
                0x000000000800c03c                Reset_Handler
 .text.Default_Handler
                0x000000000800c08c        0x2 Core/Startup/startup_stm32f401retx.o
                0x000000000800c08c                RTC_Alarm_IRQHandler
                0x000000000800c08c                EXTI2_IRQHandler
                0x000000000800c08c                SPI4_IRQHandler
                0x000000000800c08c                TIM1_CC_IRQHandler
                0x000000000800c08c                DMA2_Stream5_IRQHandler
                0x000000000800c08c                DMA1_Stream5_IRQHandler
                0x000000000800c08c                PVD_IRQHandler
                0x000000000800c08c                SDIO_IRQHandler
                0x000000000800c08c                TAMP_STAMP_IRQHandler
                0x000000000800c08c                EXTI3_IRQHandler
                0x000000000800c08c                TIM1_UP_TIM10_IRQHandler
                0x000000000800c08c                I2C3_ER_IRQHandler
                0x000000000800c08c                EXTI0_IRQHandler
                0x000000000800c08c                I2C2_EV_IRQHandler
                0x000000000800c08c                DMA1_Stream2_IRQHandler
                0x000000000800c08c                FPU_IRQHandler
                0x000000000800c08c                SPI1_IRQHandler
                0x000000000800c08c                TIM1_BRK_TIM9_IRQHandler
                0x000000000800c08c                DMA2_Stream3_IRQHandler
                0x000000000800c08c                USART6_IRQHandler
                0x000000000800c08c                DMA2_Stream0_IRQHandler
                0x000000000800c08c                I2C1_EV_IRQHandler
                0x000000000800c08c                DMA1_Stream6_IRQHandler
                0x000000000800c08c                DMA1_Stream1_IRQHandler
                0x000000000800c08c                TIM3_IRQHandler
                0x000000000800c08c                RCC_IRQHandler
                0x000000000800c08c                Default_Handler
                0x000000000800c08c                ADC_IRQHandler
                0x000000000800c08c                DMA1_Stream7_IRQHandler
                0x000000000800c08c                TIM5_IRQHandler
                0x000000000800c08c                I2C3_EV_IRQHandler
                0x000000000800c08c                EXTI9_5_IRQHandler
                0x000000000800c08c                RTC_WKUP_IRQHandler
                0x000000000800c08c                SPI2_IRQHandler
                0x000000000800c08c                DMA1_Stream0_IRQHandler
                0x000000000800c08c                EXTI4_IRQHandler
                0x000000000800c08c                WWDG_IRQHandler
                0x000000000800c08c                TIM2_IRQHandler
                0x000000000800c08c                OTG_FS_WKUP_IRQHandler
                0x000000000800c08c                TIM1_TRG_COM_TIM11_IRQHandler
                0x000000000800c08c                EXTI1_IRQHandler
                0x000000000800c08c                USART2_IRQHandler
                0x000000000800c08c                I2C2_ER_IRQHandler
                0x000000000800c08c                DMA2_Stream1_IRQHandler
                0x000000000800c08c                FLASH_IRQHandler
                0x000000000800c08c                DMA2_Stream4_IRQHandler
                0x000000000800c08c                USART1_IRQHandler
                0x000000000800c08c                OTG_FS_IRQHandler
                0x000000000800c08c                SPI3_IRQHandler
                0x000000000800c08c                I2C1_ER_IRQHandler
                0x000000000800c08c                DMA2_Stream6_IRQHandler
                0x000000000800c08c                DMA1_Stream3_IRQHandler
 *fill*         0x000000000800c08e        0x2 
 .text.HAL_IncTick
                0x000000000800c090       0x28 Drivers/STM32F4xx_HAL_Driver/Src/stm32f4xx_hal.o
                0x000000000800c090                HAL_IncTick
 .text.__errno  0x000000000800c0b8        0xc c:/st/stm32cubeide_1.5.1_install/stm32cubeide/plugins/com.st.stm32cube.ide.mcu.externaltools.gnu-tools-for-stm32.7-2018-q2-update.win32_1.5.0.202011040924/tools/bin/../lib/gcc/arm-none-eabi/7.3.1/../../../../arm-none-eabi/lib/thumb/v7e-m/fpv4-sp/hard\libc_nano.a(lib_a-errno.o)
                0x000000000800c0b8                __errno
 .text.__libc_init_array
                0x000000000800c0c4       0x48 c:/st/stm32cubeide_1.5.1_install/stm32cubeide/plugins/com.st.stm32cube.ide.mcu.externaltools.gnu-tools-for-stm32.7-2018-q2-update.win32_1.5.0.202011040924/tools/bin/../lib/gcc/arm-none-eabi/7.3.1/../../../../arm-none-eabi/lib/thumb/v7e-m/fpv4-sp/hard\libc_nano.a(lib_a-init.o)
                0x000000000800c0c4                __libc_init_array
 .text.memset   0x000000000800c10c       0x10 c:/st/stm32cubeide_1.5.1_install/stm32cubeide/plugins/com.st.stm32cube.ide.mcu.externaltools.gnu-tools-for-stm32.7-2018-q2-update.win32_1.5.0.202011040924/tools/bin/../lib/gcc/arm-none-eabi/7.3.1/../../../../arm-none-eabi/lib/thumb/v7e-m/fpv4-sp/hard\libc_nano.a(lib_a-memset.o)
                0x000000000800c10c                memset
 .text._puts_r  0x000000000800c11c       0xb8 c:/st/stm32cubeide_1.5.1_install/stm32cubeide/plugins/com.st.stm32cube.ide.mcu.externaltools.gnu-tools-for-stm32.7-2018-q2-update.win32_1.5.0.202011040924/tools/bin/../lib/gcc/arm-none-eabi/7.3.1/../../../../arm-none-eabi/lib/thumb/v7e-m/fpv4-sp/hard\libc_nano.a(lib_a-puts.o)
                0x000000000800c11c                _puts_r
 .text.puts     0x000000000800c1d4       0x10 c:/st/stm32cubeide_1.5.1_install/stm32cubeide/plugins/com.st.stm32cube.ide.mcu.externaltools.gnu-tools-for-stm32.7-2018-q2-update.win32_1.5.0.202011040924/tools/bin/../lib/gcc/arm-none-eabi/7.3.1/../../../../arm-none-eabi/lib/thumb/v7e-m/fpv4-sp/hard\libc_nano.a(lib_a-puts.o)
                0x000000000800c1d4                puts
 .text.__swbuf_r
                0x000000000800c1e4       0xa4 c:/st/stm32cubeide_1.5.1_install/stm32cubeide/plugins/com.st.stm32cube.ide.mcu.externaltools.gnu-tools-for-stm32.7-2018-q2-update.win32_1.5.0.202011040924/tools/bin/../lib/gcc/arm-none-eabi/7.3.1/../../../../arm-none-eabi/lib/thumb/v7e-m/fpv4-sp/hard\libc_nano.a(lib_a-wbuf.o)
                0x000000000800c1e4                __swbuf_r
 .text.__swsetup_r
                0x000000000800c288       0xdc c:/st/stm32cubeide_1.5.1_install/stm32cubeide/plugins/com.st.stm32cube.ide.mcu.externaltools.gnu-tools-for-stm32.7-2018-q2-update.win32_1.5.0.202011040924/tools/bin/../lib/gcc/arm-none-eabi/7.3.1/../../../../arm-none-eabi/lib/thumb/v7e-m/fpv4-sp/hard\libc_nano.a(lib_a-wsetup.o)
                0x000000000800c288                __swsetup_r
 .text.__sflush_r
                0x000000000800c364      0x10c c:/st/stm32cubeide_1.5.1_install/stm32cubeide/plugins/com.st.stm32cube.ide.mcu.externaltools.gnu-tools-for-stm32.7-2018-q2-update.win32_1.5.0.202011040924/tools/bin/../lib/gcc/arm-none-eabi/7.3.1/../../../../arm-none-eabi/lib/thumb/v7e-m/fpv4-sp/hard\libc_nano.a(lib_a-fflush.o)
                0x000000000800c364                __sflush_r
 .text._fflush_r
                0x000000000800c470       0x54 c:/st/stm32cubeide_1.5.1_install/stm32cubeide/plugins/com.st.stm32cube.ide.mcu.externaltools.gnu-tools-for-stm32.7-2018-q2-update.win32_1.5.0.202011040924/tools/bin/../lib/gcc/arm-none-eabi/7.3.1/../../../../arm-none-eabi/lib/thumb/v7e-m/fpv4-sp/hard\libc_nano.a(lib_a-fflush.o)
                0x000000000800c470                _fflush_r
 .text.std      0x000000000800c4c4       0x48 c:/st/stm32cubeide_1.5.1_install/stm32cubeide/plugins/com.st.stm32cube.ide.mcu.externaltools.gnu-tools-for-stm32.7-2018-q2-update.win32_1.5.0.202011040924/tools/bin/../lib/gcc/arm-none-eabi/7.3.1/../../../../arm-none-eabi/lib/thumb/v7e-m/fpv4-sp/hard\libc_nano.a(lib_a-findfp.o)
 .text._cleanup_r
                0x000000000800c50c        0xc c:/st/stm32cubeide_1.5.1_install/stm32cubeide/plugins/com.st.stm32cube.ide.mcu.externaltools.gnu-tools-for-stm32.7-2018-q2-update.win32_1.5.0.202011040924/tools/bin/../lib/gcc/arm-none-eabi/7.3.1/../../../../arm-none-eabi/lib/thumb/v7e-m/fpv4-sp/hard\libc_nano.a(lib_a-findfp.o)
                0x000000000800c50c                _cleanup_r
 .text.__sfmoreglue
                0x000000000800c518       0x2c c:/st/stm32cubeide_1.5.1_install/stm32cubeide/plugins/com.st.stm32cube.ide.mcu.externaltools.gnu-tools-for-stm32.7-2018-q2-update.win32_1.5.0.202011040924/tools/bin/../lib/gcc/arm-none-eabi/7.3.1/../../../../arm-none-eabi/lib/thumb/v7e-m/fpv4-sp/hard\libc_nano.a(lib_a-findfp.o)
                0x000000000800c518                __sfmoreglue
 .text.__sinit  0x000000000800c544       0x60 c:/st/stm32cubeide_1.5.1_install/stm32cubeide/plugins/com.st.stm32cube.ide.mcu.externaltools.gnu-tools-for-stm32.7-2018-q2-update.win32_1.5.0.202011040924/tools/bin/../lib/gcc/arm-none-eabi/7.3.1/../../../../arm-none-eabi/lib/thumb/v7e-m/fpv4-sp/hard\libc_nano.a(lib_a-findfp.o)
                0x000000000800c544                __sinit
 .text.__sfp    0x000000000800c5a4       0x78 c:/st/stm32cubeide_1.5.1_install/stm32cubeide/plugins/com.st.stm32cube.ide.mcu.externaltools.gnu-tools-for-stm32.7-2018-q2-update.win32_1.5.0.202011040924/tools/bin/../lib/gcc/arm-none-eabi/7.3.1/../../../../arm-none-eabi/lib/thumb/v7e-m/fpv4-sp/hard\libc_nano.a(lib_a-findfp.o)
                0x000000000800c5a4                __sfp
 .text._fwalk_reent
                0x000000000800c61c       0x3c c:/st/stm32cubeide_1.5.1_install/stm32cubeide/plugins/com.st.stm32cube.ide.mcu.externaltools.gnu-tools-for-stm32.7-2018-q2-update.win32_1.5.0.202011040924/tools/bin/../lib/gcc/arm-none-eabi/7.3.1/../../../../arm-none-eabi/lib/thumb/v7e-m/fpv4-sp/hard\libc_nano.a(lib_a-fwalk.o)
                0x000000000800c61c                _fwalk_reent
 .text.__swhatbuf_r
                0x000000000800c658       0x48 c:/st/stm32cubeide_1.5.1_install/stm32cubeide/plugins/com.st.stm32cube.ide.mcu.externaltools.gnu-tools-for-stm32.7-2018-q2-update.win32_1.5.0.202011040924/tools/bin/../lib/gcc/arm-none-eabi/7.3.1/../../../../arm-none-eabi/lib/thumb/v7e-m/fpv4-sp/hard\libc_nano.a(lib_a-makebuf.o)
                0x000000000800c658                __swhatbuf_r
 .text.__smakebuf_r
                0x000000000800c6a0       0x80 c:/st/stm32cubeide_1.5.1_install/stm32cubeide/plugins/com.st.stm32cube.ide.mcu.externaltools.gnu-tools-for-stm32.7-2018-q2-update.win32_1.5.0.202011040924/tools/bin/../lib/gcc/arm-none-eabi/7.3.1/../../../../arm-none-eabi/lib/thumb/v7e-m/fpv4-sp/hard\libc_nano.a(lib_a-makebuf.o)
                0x000000000800c6a0                __smakebuf_r
 .text._free_r  0x000000000800c720       0x9c c:/st/stm32cubeide_1.5.1_install/stm32cubeide/plugins/com.st.stm32cube.ide.mcu.externaltools.gnu-tools-for-stm32.7-2018-q2-update.win32_1.5.0.202011040924/tools/bin/../lib/gcc/arm-none-eabi/7.3.1/../../../../arm-none-eabi/lib/thumb/v7e-m/fpv4-sp/hard\libc_nano.a(lib_a-nano-freer.o)
                0x000000000800c720                _free_r
 .text._malloc_r
                0x000000000800c7bc       0xb4 c:/st/stm32cubeide_1.5.1_install/stm32cubeide/plugins/com.st.stm32cube.ide.mcu.externaltools.gnu-tools-for-stm32.7-2018-q2-update.win32_1.5.0.202011040924/tools/bin/../lib/gcc/arm-none-eabi/7.3.1/../../../../arm-none-eabi/lib/thumb/v7e-m/fpv4-sp/hard\libc_nano.a(lib_a-nano-mallocr.o)
                0x000000000800c7bc                _malloc_r
 .text._sbrk_r  0x000000000800c870       0x20 c:/st/stm32cubeide_1.5.1_install/stm32cubeide/plugins/com.st.stm32cube.ide.mcu.externaltools.gnu-tools-for-stm32.7-2018-q2-update.win32_1.5.0.202011040924/tools/bin/../lib/gcc/arm-none-eabi/7.3.1/../../../../arm-none-eabi/lib/thumb/v7e-m/fpv4-sp/hard\libc_nano.a(lib_a-sbrkr.o)
                0x000000000800c870                _sbrk_r
 .text.__sread  0x000000000800c890       0x22 c:/st/stm32cubeide_1.5.1_install/stm32cubeide/plugins/com.st.stm32cube.ide.mcu.externaltools.gnu-tools-for-stm32.7-2018-q2-update.win32_1.5.0.202011040924/tools/bin/../lib/gcc/arm-none-eabi/7.3.1/../../../../arm-none-eabi/lib/thumb/v7e-m/fpv4-sp/hard\libc_nano.a(lib_a-stdio.o)
                0x000000000800c890                __sread
 .text.__swrite
                0x000000000800c8b2       0x38 c:/st/stm32cubeide_1.5.1_install/stm32cubeide/plugins/com.st.stm32cube.ide.mcu.externaltools.gnu-tools-for-stm32.7-2018-q2-update.win32_1.5.0.202011040924/tools/bin/../lib/gcc/arm-none-eabi/7.3.1/../../../../arm-none-eabi/lib/thumb/v7e-m/fpv4-sp/hard\libc_nano.a(lib_a-stdio.o)
                0x000000000800c8b2                __swrite
 .text.__sseek  0x000000000800c8ea       0x24 c:/st/stm32cubeide_1.5.1_install/stm32cubeide/plugins/com.st.stm32cube.ide.mcu.externaltools.gnu-tools-for-stm32.7-2018-q2-update.win32_1.5.0.202011040924/tools/bin/../lib/gcc/arm-none-eabi/7.3.1/../../../../arm-none-eabi/lib/thumb/v7e-m/fpv4-sp/hard\libc_nano.a(lib_a-stdio.o)
                0x000000000800c8ea                __sseek
 .text.__sclose
                0x000000000800c90e        0x8 c:/st/stm32cubeide_1.5.1_install/stm32cubeide/plugins/com.st.stm32cube.ide.mcu.externaltools.gnu-tools-for-stm32.7-2018-q2-update.win32_1.5.0.202011040924/tools/bin/../lib/gcc/arm-none-eabi/7.3.1/../../../../arm-none-eabi/lib/thumb/v7e-m/fpv4-sp/hard\libc_nano.a(lib_a-stdio.o)
                0x000000000800c90e                __sclose
 *fill*         0x000000000800c916        0x2 
 .text._write_r
                0x000000000800c918       0x24 c:/st/stm32cubeide_1.5.1_install/stm32cubeide/plugins/com.st.stm32cube.ide.mcu.externaltools.gnu-tools-for-stm32.7-2018-q2-update.win32_1.5.0.202011040924/tools/bin/../lib/gcc/arm-none-eabi/7.3.1/../../../../arm-none-eabi/lib/thumb/v7e-m/fpv4-sp/hard\libc_nano.a(lib_a-writer.o)
                0x000000000800c918                _write_r
 .text._close_r
                0x000000000800c93c       0x20 c:/st/stm32cubeide_1.5.1_install/stm32cubeide/plugins/com.st.stm32cube.ide.mcu.externaltools.gnu-tools-for-stm32.7-2018-q2-update.win32_1.5.0.202011040924/tools/bin/../lib/gcc/arm-none-eabi/7.3.1/../../../../arm-none-eabi/lib/thumb/v7e-m/fpv4-sp/hard\libc_nano.a(lib_a-closer.o)
                0x000000000800c93c                _close_r
 .text._fstat_r
                0x000000000800c95c       0x24 c:/st/stm32cubeide_1.5.1_install/stm32cubeide/plugins/com.st.stm32cube.ide.mcu.externaltools.gnu-tools-for-stm32.7-2018-q2-update.win32_1.5.0.202011040924/tools/bin/../lib/gcc/arm-none-eabi/7.3.1/../../../../arm-none-eabi/lib/thumb/v7e-m/fpv4-sp/hard\libc_nano.a(lib_a-fstatr.o)
                0x000000000800c95c                _fstat_r
 .text._isatty_r
                0x000000000800c980       0x20 c:/st/stm32cubeide_1.5.1_install/stm32cubeide/plugins/com.st.stm32cube.ide.mcu.externaltools.gnu-tools-for-stm32.7-2018-q2-update.win32_1.5.0.202011040924/tools/bin/../lib/gcc/arm-none-eabi/7.3.1/../../../../arm-none-eabi/lib/thumb/v7e-m/fpv4-sp/hard\libc_nano.a(lib_a-isattyr.o)
                0x000000000800c980                _isatty_r
 .text._lseek_r
                0x000000000800c9a0       0x24 c:/st/stm32cubeide_1.5.1_install/stm32cubeide/plugins/com.st.stm32cube.ide.mcu.externaltools.gnu-tools-for-stm32.7-2018-q2-update.win32_1.5.0.202011040924/tools/bin/../lib/gcc/arm-none-eabi/7.3.1/../../../../arm-none-eabi/lib/thumb/v7e-m/fpv4-sp/hard\libc_nano.a(lib_a-lseekr.o)
                0x000000000800c9a0                _lseek_r
 .text.__malloc_lock
                0x000000000800c9c4        0x2 c:/st/stm32cubeide_1.5.1_install/stm32cubeide/plugins/com.st.stm32cube.ide.mcu.externaltools.gnu-tools-for-stm32.7-2018-q2-update.win32_1.5.0.202011040924/tools/bin/../lib/gcc/arm-none-eabi/7.3.1/../../../../arm-none-eabi/lib/thumb/v7e-m/fpv4-sp/hard\libc_nano.a(lib_a-mlock.o)
                0x000000000800c9c4                __malloc_lock
 .text.__malloc_unlock
                0x000000000800c9c6        0x2 c:/st/stm32cubeide_1.5.1_install/stm32cubeide/plugins/com.st.stm32cube.ide.mcu.externaltools.gnu-tools-for-stm32.7-2018-q2-update.win32_1.5.0.202011040924/tools/bin/../lib/gcc/arm-none-eabi/7.3.1/../../../../arm-none-eabi/lib/thumb/v7e-m/fpv4-sp/hard\libc_nano.a(lib_a-mlock.o)
                0x000000000800c9c6                __malloc_unlock
 .text._read_r  0x000000000800c9c8       0x24 c:/st/stm32cubeide_1.5.1_install/stm32cubeide/plugins/com.st.stm32cube.ide.mcu.externaltools.gnu-tools-for-stm32.7-2018-q2-update.win32_1.5.0.202011040924/tools/bin/../lib/gcc/arm-none-eabi/7.3.1/../../../../arm-none-eabi/lib/thumb/v7e-m/fpv4-sp/hard\libc_nano.a(lib_a-readr.o)
                0x000000000800c9c8                _read_r
 .text.atan2f   0x000000000800c9ec        0x4 c:/st/stm32cubeide_1.5.1_install/stm32cubeide/plugins/com.st.stm32cube.ide.mcu.externaltools.gnu-tools-for-stm32.7-2018-q2-update.win32_1.5.0.202011040924/tools/bin/../lib/gcc/arm-none-eabi/7.3.1/../../../../arm-none-eabi/lib/thumb/v7e-m/fpv4-sp/hard\libm.a(lib_a-wf_atan2.o)
                0x000000000800c9ec                atan2f
 .text.sqrtf    0x000000000800c9f0       0xa0 c:/st/stm32cubeide_1.5.1_install/stm32cubeide/plugins/com.st.stm32cube.ide.mcu.externaltools.gnu-tools-for-stm32.7-2018-q2-update.win32_1.5.0.202011040924/tools/bin/../lib/gcc/arm-none-eabi/7.3.1/../../../../arm-none-eabi/lib/thumb/v7e-m/fpv4-sp/hard\libm.a(lib_a-wf_sqrt.o)
                0x000000000800c9f0                sqrtf
 .text.__ieee754_atan2f
                0x000000000800ca90      0x15c c:/st/stm32cubeide_1.5.1_install/stm32cubeide/plugins/com.st.stm32cube.ide.mcu.externaltools.gnu-tools-for-stm32.7-2018-q2-update.win32_1.5.0.202011040924/tools/bin/../lib/gcc/arm-none-eabi/7.3.1/../../../../arm-none-eabi/lib/thumb/v7e-m/fpv4-sp/hard\libm.a(lib_a-ef_atan2.o)
                0x000000000800ca90                __ieee754_atan2f
 .text.__ieee754_sqrtf
                0x000000000800cbec        0x6 c:/st/stm32cubeide_1.5.1_install/stm32cubeide/plugins/com.st.stm32cube.ide.mcu.externaltools.gnu-tools-for-stm32.7-2018-q2-update.win32_1.5.0.202011040924/tools/bin/../lib/gcc/arm-none-eabi/7.3.1/../../../../arm-none-eabi/lib/thumb/v7e-m/fpv4-sp/hard\libm.a(lib_a-ef_sqrt.o)
                0x000000000800cbec                __ieee754_sqrtf
 .text.matherr  0x000000000800cbf2        0x4 c:/st/stm32cubeide_1.5.1_install/stm32cubeide/plugins/com.st.stm32cube.ide.mcu.externaltools.gnu-tools-for-stm32.7-2018-q2-update.win32_1.5.0.202011040924/tools/bin/../lib/gcc/arm-none-eabi/7.3.1/../../../../arm-none-eabi/lib/thumb/v7e-m/fpv4-sp/hard\libm.a(lib_a-s_matherr.o)
                0x000000000800cbf2                matherr
 *fill*         0x000000000800cbf6        0x2 
 .text.atanf    0x000000000800cbf8      0x1a8 c:/st/stm32cubeide_1.5.1_install/stm32cubeide/plugins/com.st.stm32cube.ide.mcu.externaltools.gnu-tools-for-stm32.7-2018-q2-update.win32_1.5.0.202011040924/tools/bin/../lib/gcc/arm-none-eabi/7.3.1/../../../../arm-none-eabi/lib/thumb/v7e-m/fpv4-sp/hard\libm.a(lib_a-sf_atan.o)
                0x000000000800cbf8                atanf
 .text.fabsf    0x000000000800cda0        0xe c:/st/stm32cubeide_1.5.1_install/stm32cubeide/plugins/com.st.stm32cube.ide.mcu.externaltools.gnu-tools-for-stm32.7-2018-q2-update.win32_1.5.0.202011040924/tools/bin/../lib/gcc/arm-none-eabi/7.3.1/../../../../arm-none-eabi/lib/thumb/v7e-m/fpv4-sp/hard\libm.a(lib_a-sf_fabs.o)
                0x000000000800cda0                fabsf
 *(.glue_7)
 .glue_7        0x000000000800cdae        0x0 linker stubs
 *(.glue_7t)
 .glue_7t       0x000000000800cdae        0x0 linker stubs
 *(.eh_frame)
 *fill*         0x000000000800cdae        0x2 
 .eh_frame      0x000000000800cdb0        0x0 c:/st/stm32cubeide_1.5.1_install/stm32cubeide/plugins/com.st.stm32cube.ide.mcu.externaltools.gnu-tools-for-stm32.7-2018-q2-update.win32_1.5.0.202011040924/tools/bin/../lib/gcc/arm-none-eabi/7.3.1/thumb/v7e-m/fpv4-sp/hard/crtbegin.o
 *(.init)
 .init          0x000000000800cdb0        0x4 c:/st/stm32cubeide_1.5.1_install/stm32cubeide/plugins/com.st.stm32cube.ide.mcu.externaltools.gnu-tools-for-stm32.7-2018-q2-update.win32_1.5.0.202011040924/tools/bin/../lib/gcc/arm-none-eabi/7.3.1/thumb/v7e-m/fpv4-sp/hard/crti.o
                0x000000000800cdb0                _init
 .init          0x000000000800cdb4        0x8 c:/st/stm32cubeide_1.5.1_install/stm32cubeide/plugins/com.st.stm32cube.ide.mcu.externaltools.gnu-tools-for-stm32.7-2018-q2-update.win32_1.5.0.202011040924/tools/bin/../lib/gcc/arm-none-eabi/7.3.1/thumb/v7e-m/fpv4-sp/hard/crtn.o
 *(.fini)
 .fini          0x000000000800cdbc        0x4 c:/st/stm32cubeide_1.5.1_install/stm32cubeide/plugins/com.st.stm32cube.ide.mcu.externaltools.gnu-tools-for-stm32.7-2018-q2-update.win32_1.5.0.202011040924/tools/bin/../lib/gcc/arm-none-eabi/7.3.1/thumb/v7e-m/fpv4-sp/hard/crti.o
                0x000000000800cdbc                _fini
 .fini          0x000000000800cdc0        0x8 c:/st/stm32cubeide_1.5.1_install/stm32cubeide/plugins/com.st.stm32cube.ide.mcu.externaltools.gnu-tools-for-stm32.7-2018-q2-update.win32_1.5.0.202011040924/tools/bin/../lib/gcc/arm-none-eabi/7.3.1/thumb/v7e-m/fpv4-sp/hard/crtn.o
                0x000000000800cdc8                . = ALIGN (0x4)
                0x000000000800cdc8                _etext = .

.vfp11_veneer   0x000000000800cdc8        0x0
 .vfp11_veneer  0x000000000800cdc8        0x0 linker stubs

.v4_bx          0x000000000800cdc8        0x0
 .v4_bx         0x000000000800cdc8        0x0 linker stubs

.iplt           0x000000000800cdc8        0x0
 .iplt          0x000000000800cdc8        0x0 c:/st/stm32cubeide_1.5.1_install/stm32cubeide/plugins/com.st.stm32cube.ide.mcu.externaltools.gnu-tools-for-stm32.7-2018-q2-update.win32_1.5.0.202011040924/tools/bin/../lib/gcc/arm-none-eabi/7.3.1/thumb/v7e-m/fpv4-sp/hard/crtbegin.o

.rodata         0x000000000800cdc8      0x57c
                0x000000000800cdc8                . = ALIGN (0x4)
 *(.rodata)
 .rodata        0x000000000800cdc8      0x4ad Core/Src/LCD_GUI.o
 *fill*         0x000000000800d275        0x3 
 .rodata        0x000000000800d278        0x6 Core/Src/Protocol_Manager.o
 *fill*         0x000000000800d27e        0x2 
 .rodata        0x000000000800d280       0x37 Core/Src/SDCP.o
 *(.rodata*)
 *fill*         0x000000000800d2b7        0x1 
 .rodata._global_impure_ptr
                0x000000000800d2b8        0x4 c:/st/stm32cubeide_1.5.1_install/stm32cubeide/plugins/com.st.stm32cube.ide.mcu.externaltools.gnu-tools-for-stm32.7-2018-q2-update.win32_1.5.0.202011040924/tools/bin/../lib/gcc/arm-none-eabi/7.3.1/../../../../arm-none-eabi/lib/thumb/v7e-m/fpv4-sp/hard\libc_nano.a(lib_a-impure.o)
                0x000000000800d2b8                _global_impure_ptr
 .rodata.__sf_fake_stderr
                0x000000000800d2bc       0x20 c:/st/stm32cubeide_1.5.1_install/stm32cubeide/plugins/com.st.stm32cube.ide.mcu.externaltools.gnu-tools-for-stm32.7-2018-q2-update.win32_1.5.0.202011040924/tools/bin/../lib/gcc/arm-none-eabi/7.3.1/../../../../arm-none-eabi/lib/thumb/v7e-m/fpv4-sp/hard\libc_nano.a(lib_a-findfp.o)
                0x000000000800d2bc                __sf_fake_stderr
 .rodata.__sf_fake_stdin
                0x000000000800d2dc       0x20 c:/st/stm32cubeide_1.5.1_install/stm32cubeide/plugins/com.st.stm32cube.ide.mcu.externaltools.gnu-tools-for-stm32.7-2018-q2-update.win32_1.5.0.202011040924/tools/bin/../lib/gcc/arm-none-eabi/7.3.1/../../../../arm-none-eabi/lib/thumb/v7e-m/fpv4-sp/hard\libc_nano.a(lib_a-findfp.o)
                0x000000000800d2dc                __sf_fake_stdin
 .rodata.__sf_fake_stdout
                0x000000000800d2fc       0x20 c:/st/stm32cubeide_1.5.1_install/stm32cubeide/plugins/com.st.stm32cube.ide.mcu.externaltools.gnu-tools-for-stm32.7-2018-q2-update.win32_1.5.0.202011040924/tools/bin/../lib/gcc/arm-none-eabi/7.3.1/../../../../arm-none-eabi/lib/thumb/v7e-m/fpv4-sp/hard\libc_nano.a(lib_a-findfp.o)
                0x000000000800d2fc                __sf_fake_stdout
 .rodata.sqrtf.str1.1
                0x000000000800d31c        0x6 c:/st/stm32cubeide_1.5.1_install/stm32cubeide/plugins/com.st.stm32cube.ide.mcu.externaltools.gnu-tools-for-stm32.7-2018-q2-update.win32_1.5.0.202011040924/tools/bin/../lib/gcc/arm-none-eabi/7.3.1/../../../../arm-none-eabi/lib/thumb/v7e-m/fpv4-sp/hard\libm.a(lib_a-wf_sqrt.o)
 *fill*         0x000000000800d322        0x2 
 .rodata.atanhi
                0x000000000800d324       0x10 c:/st/stm32cubeide_1.5.1_install/stm32cubeide/plugins/com.st.stm32cube.ide.mcu.externaltools.gnu-tools-for-stm32.7-2018-q2-update.win32_1.5.0.202011040924/tools/bin/../lib/gcc/arm-none-eabi/7.3.1/../../../../arm-none-eabi/lib/thumb/v7e-m/fpv4-sp/hard\libm.a(lib_a-sf_atan.o)
 .rodata.atanlo
                0x000000000800d334       0x10 c:/st/stm32cubeide_1.5.1_install/stm32cubeide/plugins/com.st.stm32cube.ide.mcu.externaltools.gnu-tools-for-stm32.7-2018-q2-update.win32_1.5.0.202011040924/tools/bin/../lib/gcc/arm-none-eabi/7.3.1/../../../../arm-none-eabi/lib/thumb/v7e-m/fpv4-sp/hard\libm.a(lib_a-sf_atan.o)
                0x000000000800d344                . = ALIGN (0x4)

.rel.dyn        0x000000000800d344        0x0
 .rel.iplt      0x000000000800d344        0x0 c:/st/stm32cubeide_1.5.1_install/stm32cubeide/plugins/com.st.stm32cube.ide.mcu.externaltools.gnu-tools-for-stm32.7-2018-q2-update.win32_1.5.0.202011040924/tools/bin/../lib/gcc/arm-none-eabi/7.3.1/thumb/v7e-m/fpv4-sp/hard/crtbegin.o

.ARM.extab      0x000000000800d344        0x0
                0x000000000800d344                . = ALIGN (0x4)
 *(.ARM.extab* .gnu.linkonce.armextab.*)
                0x000000000800d344                . = ALIGN (0x4)

.ARM            0x000000000800d344        0x0
                0x000000000800d344                . = ALIGN (0x4)
                0x000000000800d344                __exidx_start = .
 *(.ARM.exidx*)
                0x000000000800d344                __exidx_end = .
                0x000000000800d344                . = ALIGN (0x4)

.preinit_array  0x000000000800d344        0x0
                0x000000000800d344                . = ALIGN (0x4)
                0x000000000800d344                PROVIDE (__preinit_array_start = .)
 *(.preinit_array*)
                0x000000000800d344                PROVIDE (__preinit_array_end = .)
                0x000000000800d344                . = ALIGN (0x4)

.init_array     0x000000000800d344        0x4
                0x000000000800d344                . = ALIGN (0x4)
                0x000000000800d344                PROVIDE (__init_array_start = .)
 *(SORT_BY_NAME(.init_array.*))
 *(.init_array*)
 .init_array    0x000000000800d344        0x4 c:/st/stm32cubeide_1.5.1_install/stm32cubeide/plugins/com.st.stm32cube.ide.mcu.externaltools.gnu-tools-for-stm32.7-2018-q2-update.win32_1.5.0.202011040924/tools/bin/../lib/gcc/arm-none-eabi/7.3.1/thumb/v7e-m/fpv4-sp/hard/crtbegin.o
                0x000000000800d348                PROVIDE (__init_array_end = .)
                0x000000000800d348                . = ALIGN (0x4)

.fini_array     0x000000000800d348        0x4
                0x000000000800d348                . = ALIGN (0x4)
                [!provide]                        PROVIDE (__fini_array_start = .)
 *(SORT_BY_NAME(.fini_array.*))
 *(.fini_array*)
 .fini_array    0x000000000800d348        0x4 c:/st/stm32cubeide_1.5.1_install/stm32cubeide/plugins/com.st.stm32cube.ide.mcu.externaltools.gnu-tools-for-stm32.7-2018-q2-update.win32_1.5.0.202011040924/tools/bin/../lib/gcc/arm-none-eabi/7.3.1/thumb/v7e-m/fpv4-sp/hard/crtbegin.o
                [!provide]                        PROVIDE (__fini_array_end = .)
                0x000000000800d34c                . = ALIGN (0x4)
                0x000000000800d34c                _sidata = LOADADDR (.data)

.data           0x0000000020000000       0xf8 load address 0x000000000800d34c
                0x0000000020000000                . = ALIGN (0x4)
                0x0000000020000000                _sdata = .
 *(.data)
 *(.data*)
 .data.PM_SMF_Transmit_Counter_Limit
                0x0000000020000000        0x5 Core/Src/Protocol_Manager.o
                0x0000000020000000                PM_SMF_Transmit_Counter_Limit
 *fill*         0x0000000020000005        0x3 
 .data.PM_FIDs  0x0000000020000008       0x84 Core/Src/Protocol_Manager.o
                0x0000000020000008                PM_FIDs
 .data.SDCP_RXQ_front
                0x000000002000008c        0x1 Core/Src/SDCP.o
                0x000000002000008c                SDCP_RXQ_front
 .data.SDCP_RXQ_back
                0x000000002000008d        0x1 Core/Src/SDCP.o
                0x000000002000008d                SDCP_RXQ_back
 .data.uwTickFreq
                0x000000002000008e        0x1 Drivers/STM32F4xx_HAL_Driver/Src/stm32f4xx_hal.o
                0x000000002000008e                uwTickFreq
 *fill*         0x000000002000008f        0x1 
 .data._impure_ptr
                0x0000000020000090        0x4 c:/st/stm32cubeide_1.5.1_install/stm32cubeide/plugins/com.st.stm32cube.ide.mcu.externaltools.gnu-tools-for-stm32.7-2018-q2-update.win32_1.5.0.202011040924/tools/bin/../lib/gcc/arm-none-eabi/7.3.1/../../../../arm-none-eabi/lib/thumb/v7e-m/fpv4-sp/hard\libc_nano.a(lib_a-impure.o)
                0x0000000020000090                _impure_ptr
 .data.impure_data
                0x0000000020000094       0x60 c:/st/stm32cubeide_1.5.1_install/stm32cubeide/plugins/com.st.stm32cube.ide.mcu.externaltools.gnu-tools-for-stm32.7-2018-q2-update.win32_1.5.0.202011040924/tools/bin/../lib/gcc/arm-none-eabi/7.3.1/../../../../arm-none-eabi/lib/thumb/v7e-m/fpv4-sp/hard\libc_nano.a(lib_a-impure.o)
 .data.__fdlib_version
                0x00000000200000f4        0x1 c:/st/stm32cubeide_1.5.1_install/stm32cubeide/plugins/com.st.stm32cube.ide.mcu.externaltools.gnu-tools-for-stm32.7-2018-q2-update.win32_1.5.0.202011040924/tools/bin/../lib/gcc/arm-none-eabi/7.3.1/../../../../arm-none-eabi/lib/thumb/v7e-m/fpv4-sp/hard\libm.a(lib_a-s_lib_ver.o)
                0x00000000200000f4                __fdlib_version
 *(.RamFunc)
 *(.RamFunc*)
                0x00000000200000f8                . = ALIGN (0x4)
 *fill*         0x00000000200000f5        0x3 
                0x00000000200000f8                _edata = .

.igot.plt       0x00000000200000f8        0x0 load address 0x000000000800d444
 .igot.plt      0x00000000200000f8        0x0 c:/st/stm32cubeide_1.5.1_install/stm32cubeide/plugins/com.st.stm32cube.ide.mcu.externaltools.gnu-tools-for-stm32.7-2018-q2-update.win32_1.5.0.202011040924/tools/bin/../lib/gcc/arm-none-eabi/7.3.1/thumb/v7e-m/fpv4-sp/hard/crtbegin.o
                0x00000000200000f8                . = ALIGN (0x4)

.bss            0x00000000200000f8      0x68c load address 0x000000000800d444
                0x00000000200000f8                _sbss = .
                0x00000000200000f8                __bss_start__ = _sbss
 *(.bss)
 .bss           0x00000000200000f8       0x1c c:/st/stm32cubeide_1.5.1_install/stm32cubeide/plugins/com.st.stm32cube.ide.mcu.externaltools.gnu-tools-for-stm32.7-2018-q2-update.win32_1.5.0.202011040924/tools/bin/../lib/gcc/arm-none-eabi/7.3.1/thumb/v7e-m/fpv4-sp/hard/crtbegin.o
 *(.bss*)
 .bss.U8_previous
                0x0000000020000114        0x4 Core/Src/LCD_Nokia5110.o
 .bss.U16_previous
                0x0000000020000118        0x2 Core/Src/LCD_Nokia5110.o
 *fill*         0x000000002000011a        0x2 
 .bss.U32_previous
                0x000000002000011c        0x4 Core/Src/LCD_Nokia5110.o
 .bss.rotaryEncoder_SW_counter
                0x0000000020000120        0x1 Core/Src/Rotary_Encoder.o
 .bss.rotaryEncoder_DT_counter
                0x0000000020000121        0x1 Core/Src/Rotary_Encoder.o
 .bss.rotaryEncoder_CLK_counter
                0x0000000020000122        0x1 Core/Src/Rotary_Encoder.o
 .bss.toggleCounter
                0x0000000020000123        0x1 Core/Src/Timing_Measurement.o
 .bss.__sbrk_heap_end
                0x0000000020000124        0x4 Core/Src/sysmem.o
 .bss.__malloc_free_list
                0x0000000020000128        0x4 c:/st/stm32cubeide_1.5.1_install/stm32cubeide/plugins/com.st.stm32cube.ide.mcu.externaltools.gnu-tools-for-stm32.7-2018-q2-update.win32_1.5.0.202011040924/tools/bin/../lib/gcc/arm-none-eabi/7.3.1/../../../../arm-none-eabi/lib/thumb/v7e-m/fpv4-sp/hard\libc_nano.a(lib_a-nano-mallocr.o)
                0x0000000020000128                __malloc_free_list
 .bss.__malloc_sbrk_start
                0x000000002000012c        0x4 c:/st/stm32cubeide_1.5.1_install/stm32cubeide/plugins/com.st.stm32cube.ide.mcu.externaltools.gnu-tools-for-stm32.7-2018-q2-update.win32_1.5.0.202011040924/tools/bin/../lib/gcc/arm-none-eabi/7.3.1/../../../../arm-none-eabi/lib/thumb/v7e-m/fpv4-sp/hard\libc_nano.a(lib_a-nano-mallocr.o)
                0x000000002000012c                __malloc_sbrk_start
 *(COMMON)
 COMMON         0x0000000020000130      0x4e4 Core/Src/Configurations.o
                0x0000000020000130                Tick_IF
                0x0000000020000134                FTOR2
                0x0000000020000138                UART
                0x000000002000013c                BTR1
                0x0000000020000140                IMU_CALIB_YGYRO_bias_drift_SMF
                0x0000000020000144                CF_coeff_SMF
                0x0000000020000148                Pitch_SMF
                0x000000002000014c                Ticks_CurrentTickBase
                0x0000000020000150                IMU_CALIB_YGYRO_Offset_SMF
                0x0000000020000154                Nokia5110
                0x0000000020000350                imu
                0x000000002000039c                LCD_GUI_selected
                0x00000000200003a0                IMU_Z_Raw_SMF
                0x00000000200003a4                MDT_Z_SMF
                0x00000000200003a8                SDCP_BTR_PID
                0x00000000200003b4                Yaw_SMF
                0x00000000200003b8                FTOR1
                0x00000000200003bc                IMU_CALIB_ZGYRO_Offset_SMF
                0x00000000200003c0                SDCP_BTR_XCNTR
                0x00000000200003c4                MDT_Y_SMF
                0x00000000200003c8                Config_RW_SMF
                0x00000000200003cc                IMU_XACCEL_Processed_SMF
                0x00000000200003d0                SDCP_RXQ
                0x000000002000040c                IMU_XGYRO_Processed_SMF
                0x0000000020000410                IMU_ZGYRO_Processed_SMF
                0x0000000020000414                LCD_GUI_screen_number
                0x0000000020000418                BTR3
                0x000000002000041c                MDT_X_SMF
                0x0000000020000420                SDCP_TXQ
                0x000000002000045c                LED_CNTRL_SMF
                0x0000000020000460                IMU_CALIB_ZGYRO_bias_drift_SMF
                0x0000000020000464                IMU_CALIB_XGYRO_Offset_SMF
                0x0000000020000468                Motion_Detection_SMF
                0x000000002000046c                IMU_YGYRO_Processed_SMF
                0x0000000020000470                IMU_Temp_SMF
                0x0000000020000474                IMU_ZACCEL_Processed_SMF
                0x0000000020000478                UART_RX_DMA_BUFFER
                0x000000002000047e                SDCP_BTR_buffer_position
                0x0000000020000480                IMU_CALIB_YACCEL_Offset_SMF
                0x0000000020000484                IMU_settings_SMF
                0x0000000020000488                IMU_CALIB_XGYRO_bias_drift_SMF
                0x000000002000048c                Motion_Processing
                0x00000000200004e8                BTR2
                0x00000000200004ec                TMC
                0x00000000200004f0                IMU_X_Raw_SMF
                0x00000000200004f4                IMU_YACCEL_Processed_SMF
                0x00000000200004f8                IMU_calibration_SMF
                0x00000000200004fc                LED
                0x0000000020000504                IMU_Y_Raw_SMF
                0x0000000020000508                SDCP_BTR_PCNTR
                0x000000002000050c                END_SMF
                0x0000000020000510                GUI_SMF
                0x0000000020000514                Roll_SMF
                0x0000000020000518                SDCP_BTR_buffer
                0x0000000020000538                TM_Task
                0x000000002000059c                IMU_CALIB_ZACCEL_Offset_SMF
                0x00000000200005a0                Rotary_Encoder
                0x00000000200005a4                SDCP_BTR_currentPID
                0x00000000200005a8                IMU_CALIB_XACCEL_Offset_SMF
                0x00000000200005ac                Task_counter_SMF
                0x00000000200005b0                Config
 COMMON         0x0000000020000614      0x164 Core/Src/Protocol_Manager.o
                0x0000000020000614                pSMFs
                0x0000000020000698                PM_SMF_Transmit_Counter
                0x00000000200006a0                PM_SMF_Transmit_Buffer
                0x0000000020000768                PM_SMFPRI
 COMMON         0x0000000020000778        0x4 Core/Src/SDCP.o
                0x0000000020000778                IEEE754
 COMMON         0x000000002000077c        0x4 Drivers/STM32F4xx_HAL_Driver/Src/stm32f4xx_hal.o
                0x000000002000077c                uwTick
 COMMON         0x0000000020000780        0x4 c:/st/stm32cubeide_1.5.1_install/stm32cubeide/plugins/com.st.stm32cube.ide.mcu.externaltools.gnu-tools-for-stm32.7-2018-q2-update.win32_1.5.0.202011040924/tools/bin/../lib/gcc/arm-none-eabi/7.3.1/../../../../arm-none-eabi/lib/thumb/v7e-m/fpv4-sp/hard\libc_nano.a(lib_a-reent.o)
                0x0000000020000780                errno
                0x0000000020000784                . = ALIGN (0x4)
                0x0000000020000784                _ebss = .
                0x0000000020000784                __bss_end__ = _ebss

._user_heap_stack
                0x0000000020000784      0x804 load address 0x000000000800d444
                0x0000000020000788                . = ALIGN (0x8)
 *fill*         0x0000000020000784        0x4 
                [!provide]                        PROVIDE (end = .)
                0x0000000020000788                PROVIDE (_end = .)
                0x0000000020000988                . = (. + _Min_Heap_Size)
 *fill*         0x0000000020000788      0x200 
                0x0000000020000f88                . = (. + _Min_Stack_Size)
 *fill*         0x0000000020000988      0x600 
                0x0000000020000f88                . = ALIGN (0x8)

/DISCARD/
 libc.a(*)
 libm.a(*)
 libgcc.a(*)

.ARM.attributes
                0x0000000000000000       0x30
 *(.ARM.attributes)
 .ARM.attributes
                0x0000000000000000       0x22 c:/st/stm32cubeide_1.5.1_install/stm32cubeide/plugins/com.st.stm32cube.ide.mcu.externaltools.gnu-tools-for-stm32.7-2018-q2-update.win32_1.5.0.202011040924/tools/bin/../lib/gcc/arm-none-eabi/7.3.1/thumb/v7e-m/fpv4-sp/hard/crti.o
 .ARM.attributes
                0x0000000000000022       0x34 c:/st/stm32cubeide_1.5.1_install/stm32cubeide/plugins/com.st.stm32cube.ide.mcu.externaltools.gnu-tools-for-stm32.7-2018-q2-update.win32_1.5.0.202011040924/tools/bin/../lib/gcc/arm-none-eabi/7.3.1/thumb/v7e-m/fpv4-sp/hard/crtbegin.o
 .ARM.attributes
                0x0000000000000056       0x39 Core/Src/Configurations.o
 .ARM.attributes
                0x000000000000008f       0x39 Core/Src/Flash.o
 .ARM.attributes
                0x00000000000000c8       0x39 Core/Src/LCD_GUI.o
 .ARM.attributes
                0x0000000000000101       0x39 Core/Src/LCD_Nokia5110.o
 .ARM.attributes
                0x000000000000013a       0x39 Core/Src/LCD_characterBitmaps.o
 .ARM.attributes
                0x0000000000000173       0x39 Core/Src/LED.o
 .ARM.attributes
                0x00000000000001ac       0x39 Core/Src/MPU6050.o
 .ARM.attributes
                0x00000000000001e5       0x39 Core/Src/Motion_Processing.o
 .ARM.attributes
                0x000000000000021e       0x39 Core/Src/Protocol_Manager.o
 .ARM.attributes
                0x0000000000000257       0x39 Core/Src/Rotary_Encoder.o
 .ARM.attributes
                0x0000000000000290       0x39 Core/Src/SDCP.o
 .ARM.attributes
                0x00000000000002c9       0x39 Core/Src/System.o
 .ARM.attributes
                0x0000000000000302       0x39 Core/Src/Task_Manager.o
 .ARM.attributes
                0x000000000000033b       0x39 Core/Src/Timing_Measurement.o
 .ARM.attributes
                0x0000000000000374       0x39 Core/Src/UART.o
 .ARM.attributes
                0x00000000000003ad       0x39 Core/Src/main.o
 .ARM.attributes
                0x00000000000003e6       0x39 Core/Src/stm32f4xx_it.o
 .ARM.attributes
                0x000000000000041f       0x39 Core/Src/syscalls.o
 .ARM.attributes
                0x0000000000000458       0x39 Core/Src/sysmem.o
 .ARM.attributes
                0x0000000000000491       0x39 Core/Src/system_stm32f4xx.o
 .ARM.attributes
                0x00000000000004ca       0x21 Core/Startup/startup_stm32f401retx.o
 .ARM.attributes
                0x00000000000004eb       0x39 Drivers/STM32F4xx_HAL_Driver/Src/stm32f4xx_hal.o
 .ARM.attributes
                0x0000000000000524       0x34 c:/st/stm32cubeide_1.5.1_install/stm32cubeide/plugins/com.st.stm32cube.ide.mcu.externaltools.gnu-tools-for-stm32.7-2018-q2-update.win32_1.5.0.202011040924/tools/bin/../lib/gcc/arm-none-eabi/7.3.1/../../../../arm-none-eabi/lib/thumb/v7e-m/fpv4-sp/hard\libc_nano.a(lib_a-errno.o)
 .ARM.attributes
                0x0000000000000558       0x34 c:/st/stm32cubeide_1.5.1_install/stm32cubeide/plugins/com.st.stm32cube.ide.mcu.externaltools.gnu-tools-for-stm32.7-2018-q2-update.win32_1.5.0.202011040924/tools/bin/../lib/gcc/arm-none-eabi/7.3.1/../../../../arm-none-eabi/lib/thumb/v7e-m/fpv4-sp/hard\libc_nano.a(lib_a-impure.o)
 .ARM.attributes
                0x000000000000058c       0x34 c:/st/stm32cubeide_1.5.1_install/stm32cubeide/plugins/com.st.stm32cube.ide.mcu.externaltools.gnu-tools-for-stm32.7-2018-q2-update.win32_1.5.0.202011040924/tools/bin/../lib/gcc/arm-none-eabi/7.3.1/../../../../arm-none-eabi/lib/thumb/v7e-m/fpv4-sp/hard\libc_nano.a(lib_a-init.o)
 .ARM.attributes
                0x00000000000005c0       0x34 c:/st/stm32cubeide_1.5.1_install/stm32cubeide/plugins/com.st.stm32cube.ide.mcu.externaltools.gnu-tools-for-stm32.7-2018-q2-update.win32_1.5.0.202011040924/tools/bin/../lib/gcc/arm-none-eabi/7.3.1/../../../../arm-none-eabi/lib/thumb/v7e-m/fpv4-sp/hard\libc_nano.a(lib_a-memset.o)
 .ARM.attributes
                0x00000000000005f4       0x34 c:/st/stm32cubeide_1.5.1_install/stm32cubeide/plugins/com.st.stm32cube.ide.mcu.externaltools.gnu-tools-for-stm32.7-2018-q2-update.win32_1.5.0.202011040924/tools/bin/../lib/gcc/arm-none-eabi/7.3.1/../../../../arm-none-eabi/lib/thumb/v7e-m/fpv4-sp/hard\libc_nano.a(lib_a-puts.o)
 .ARM.attributes
                0x0000000000000628       0x34 c:/st/stm32cubeide_1.5.1_install/stm32cubeide/plugins/com.st.stm32cube.ide.mcu.externaltools.gnu-tools-for-stm32.7-2018-q2-update.win32_1.5.0.202011040924/tools/bin/../lib/gcc/arm-none-eabi/7.3.1/../../../../arm-none-eabi/lib/thumb/v7e-m/fpv4-sp/hard\libc_nano.a(lib_a-wbuf.o)
 .ARM.attributes
                0x000000000000065c       0x34 c:/st/stm32cubeide_1.5.1_install/stm32cubeide/plugins/com.st.stm32cube.ide.mcu.externaltools.gnu-tools-for-stm32.7-2018-q2-update.win32_1.5.0.202011040924/tools/bin/../lib/gcc/arm-none-eabi/7.3.1/../../../../arm-none-eabi/lib/thumb/v7e-m/fpv4-sp/hard\libc_nano.a(lib_a-wsetup.o)
 .ARM.attributes
                0x0000000000000690       0x34 c:/st/stm32cubeide_1.5.1_install/stm32cubeide/plugins/com.st.stm32cube.ide.mcu.externaltools.gnu-tools-for-stm32.7-2018-q2-update.win32_1.5.0.202011040924/tools/bin/../lib/gcc/arm-none-eabi/7.3.1/../../../../arm-none-eabi/lib/thumb/v7e-m/fpv4-sp/hard\libc_nano.a(lib_a-fflush.o)
 .ARM.attributes
                0x00000000000006c4       0x34 c:/st/stm32cubeide_1.5.1_install/stm32cubeide/plugins/com.st.stm32cube.ide.mcu.externaltools.gnu-tools-for-stm32.7-2018-q2-update.win32_1.5.0.202011040924/tools/bin/../lib/gcc/arm-none-eabi/7.3.1/../../../../arm-none-eabi/lib/thumb/v7e-m/fpv4-sp/hard\libc_nano.a(lib_a-findfp.o)
 .ARM.attributes
                0x00000000000006f8       0x34 c:/st/stm32cubeide_1.5.1_install/stm32cubeide/plugins/com.st.stm32cube.ide.mcu.externaltools.gnu-tools-for-stm32.7-2018-q2-update.win32_1.5.0.202011040924/tools/bin/../lib/gcc/arm-none-eabi/7.3.1/../../../../arm-none-eabi/lib/thumb/v7e-m/fpv4-sp/hard\libc_nano.a(lib_a-fwalk.o)
 .ARM.attributes
                0x000000000000072c       0x34 c:/st/stm32cubeide_1.5.1_install/stm32cubeide/plugins/com.st.stm32cube.ide.mcu.externaltools.gnu-tools-for-stm32.7-2018-q2-update.win32_1.5.0.202011040924/tools/bin/../lib/gcc/arm-none-eabi/7.3.1/../../../../arm-none-eabi/lib/thumb/v7e-m/fpv4-sp/hard\libc_nano.a(lib_a-makebuf.o)
 .ARM.attributes
                0x0000000000000760       0x34 c:/st/stm32cubeide_1.5.1_install/stm32cubeide/plugins/com.st.stm32cube.ide.mcu.externaltools.gnu-tools-for-stm32.7-2018-q2-update.win32_1.5.0.202011040924/tools/bin/../lib/gcc/arm-none-eabi/7.3.1/../../../../arm-none-eabi/lib/thumb/v7e-m/fpv4-sp/hard\libc_nano.a(lib_a-nano-freer.o)
 .ARM.attributes
                0x0000000000000794       0x34 c:/st/stm32cubeide_1.5.1_install/stm32cubeide/plugins/com.st.stm32cube.ide.mcu.externaltools.gnu-tools-for-stm32.7-2018-q2-update.win32_1.5.0.202011040924/tools/bin/../lib/gcc/arm-none-eabi/7.3.1/../../../../arm-none-eabi/lib/thumb/v7e-m/fpv4-sp/hard\libc_nano.a(lib_a-nano-mallocr.o)
 .ARM.attributes
                0x00000000000007c8       0x34 c:/st/stm32cubeide_1.5.1_install/stm32cubeide/plugins/com.st.stm32cube.ide.mcu.externaltools.gnu-tools-for-stm32.7-2018-q2-update.win32_1.5.0.202011040924/tools/bin/../lib/gcc/arm-none-eabi/7.3.1/../../../../arm-none-eabi/lib/thumb/v7e-m/fpv4-sp/hard\libc_nano.a(lib_a-sbrkr.o)
 .ARM.attributes
                0x00000000000007fc       0x34 c:/st/stm32cubeide_1.5.1_install/stm32cubeide/plugins/com.st.stm32cube.ide.mcu.externaltools.gnu-tools-for-stm32.7-2018-q2-update.win32_1.5.0.202011040924/tools/bin/../lib/gcc/arm-none-eabi/7.3.1/../../../../arm-none-eabi/lib/thumb/v7e-m/fpv4-sp/hard\libc_nano.a(lib_a-stdio.o)
 .ARM.attributes
                0x0000000000000830       0x34 c:/st/stm32cubeide_1.5.1_install/stm32cubeide/plugins/com.st.stm32cube.ide.mcu.externaltools.gnu-tools-for-stm32.7-2018-q2-update.win32_1.5.0.202011040924/tools/bin/../lib/gcc/arm-none-eabi/7.3.1/../../../../arm-none-eabi/lib/thumb/v7e-m/fpv4-sp/hard\libc_nano.a(lib_a-writer.o)
 .ARM.attributes
                0x0000000000000864       0x34 c:/st/stm32cubeide_1.5.1_install/stm32cubeide/plugins/com.st.stm32cube.ide.mcu.externaltools.gnu-tools-for-stm32.7-2018-q2-update.win32_1.5.0.202011040924/tools/bin/../lib/gcc/arm-none-eabi/7.3.1/../../../../arm-none-eabi/lib/thumb/v7e-m/fpv4-sp/hard\libc_nano.a(lib_a-closer.o)
 .ARM.attributes
                0x0000000000000898       0x34 c:/st/stm32cubeide_1.5.1_install/stm32cubeide/plugins/com.st.stm32cube.ide.mcu.externaltools.gnu-tools-for-stm32.7-2018-q2-update.win32_1.5.0.202011040924/tools/bin/../lib/gcc/arm-none-eabi/7.3.1/../../../../arm-none-eabi/lib/thumb/v7e-m/fpv4-sp/hard\libc_nano.a(lib_a-fstatr.o)
 .ARM.attributes
                0x00000000000008cc       0x34 c:/st/stm32cubeide_1.5.1_install/stm32cubeide/plugins/com.st.stm32cube.ide.mcu.externaltools.gnu-tools-for-stm32.7-2018-q2-update.win32_1.5.0.202011040924/tools/bin/../lib/gcc/arm-none-eabi/7.3.1/../../../../arm-none-eabi/lib/thumb/v7e-m/fpv4-sp/hard\libc_nano.a(lib_a-isattyr.o)
 .ARM.attributes
                0x0000000000000900       0x34 c:/st/stm32cubeide_1.5.1_install/stm32cubeide/plugins/com.st.stm32cube.ide.mcu.externaltools.gnu-tools-for-stm32.7-2018-q2-update.win32_1.5.0.202011040924/tools/bin/../lib/gcc/arm-none-eabi/7.3.1/../../../../arm-none-eabi/lib/thumb/v7e-m/fpv4-sp/hard\libc_nano.a(lib_a-lseekr.o)
 .ARM.attributes
                0x0000000000000934       0x34 c:/st/stm32cubeide_1.5.1_install/stm32cubeide/plugins/com.st.stm32cube.ide.mcu.externaltools.gnu-tools-for-stm32.7-2018-q2-update.win32_1.5.0.202011040924/tools/bin/../lib/gcc/arm-none-eabi/7.3.1/../../../../arm-none-eabi/lib/thumb/v7e-m/fpv4-sp/hard\libc_nano.a(lib_a-mlock.o)
 .ARM.attributes
                0x0000000000000968       0x34 c:/st/stm32cubeide_1.5.1_install/stm32cubeide/plugins/com.st.stm32cube.ide.mcu.externaltools.gnu-tools-for-stm32.7-2018-q2-update.win32_1.5.0.202011040924/tools/bin/../lib/gcc/arm-none-eabi/7.3.1/../../../../arm-none-eabi/lib/thumb/v7e-m/fpv4-sp/hard\libc_nano.a(lib_a-readr.o)
 .ARM.attributes
                0x000000000000099c       0x34 c:/st/stm32cubeide_1.5.1_install/stm32cubeide/plugins/com.st.stm32cube.ide.mcu.externaltools.gnu-tools-for-stm32.7-2018-q2-update.win32_1.5.0.202011040924/tools/bin/../lib/gcc/arm-none-eabi/7.3.1/../../../../arm-none-eabi/lib/thumb/v7e-m/fpv4-sp/hard\libc_nano.a(lib_a-reent.o)
 .ARM.attributes
                0x00000000000009d0       0x34 c:/st/stm32cubeide_1.5.1_install/stm32cubeide/plugins/com.st.stm32cube.ide.mcu.externaltools.gnu-tools-for-stm32.7-2018-q2-update.win32_1.5.0.202011040924/tools/bin/../lib/gcc/arm-none-eabi/7.3.1/../../../../arm-none-eabi/lib/thumb/v7e-m/fpv4-sp/hard\libm.a(lib_a-wf_atan2.o)
 .ARM.attributes
                0x0000000000000a04       0x34 c:/st/stm32cubeide_1.5.1_install/stm32cubeide/plugins/com.st.stm32cube.ide.mcu.externaltools.gnu-tools-for-stm32.7-2018-q2-update.win32_1.5.0.202011040924/tools/bin/../lib/gcc/arm-none-eabi/7.3.1/../../../../arm-none-eabi/lib/thumb/v7e-m/fpv4-sp/hard\libm.a(lib_a-wf_sqrt.o)
 .ARM.attributes
                0x0000000000000a38       0x34 c:/st/stm32cubeide_1.5.1_install/stm32cubeide/plugins/com.st.stm32cube.ide.mcu.externaltools.gnu-tools-for-stm32.7-2018-q2-update.win32_1.5.0.202011040924/tools/bin/../lib/gcc/arm-none-eabi/7.3.1/../../../../arm-none-eabi/lib/thumb/v7e-m/fpv4-sp/hard\libm.a(lib_a-ef_atan2.o)
 .ARM.attributes
                0x0000000000000a6c       0x34 c:/st/stm32cubeide_1.5.1_install/stm32cubeide/plugins/com.st.stm32cube.ide.mcu.externaltools.gnu-tools-for-stm32.7-2018-q2-update.win32_1.5.0.202011040924/tools/bin/../lib/gcc/arm-none-eabi/7.3.1/../../../../arm-none-eabi/lib/thumb/v7e-m/fpv4-sp/hard\libm.a(lib_a-ef_sqrt.o)
 .ARM.attributes
                0x0000000000000aa0       0x34 c:/st/stm32cubeide_1.5.1_install/stm32cubeide/plugins/com.st.stm32cube.ide.mcu.externaltools.gnu-tools-for-stm32.7-2018-q2-update.win32_1.5.0.202011040924/tools/bin/../lib/gcc/arm-none-eabi/7.3.1/../../../../arm-none-eabi/lib/thumb/v7e-m/fpv4-sp/hard\libm.a(lib_a-s_lib_ver.o)
 .ARM.attributes
                0x0000000000000ad4       0x34 c:/st/stm32cubeide_1.5.1_install/stm32cubeide/plugins/com.st.stm32cube.ide.mcu.externaltools.gnu-tools-for-stm32.7-2018-q2-update.win32_1.5.0.202011040924/tools/bin/../lib/gcc/arm-none-eabi/7.3.1/../../../../arm-none-eabi/lib/thumb/v7e-m/fpv4-sp/hard\libm.a(lib_a-s_matherr.o)
 .ARM.attributes
                0x0000000000000b08       0x34 c:/st/stm32cubeide_1.5.1_install/stm32cubeide/plugins/com.st.stm32cube.ide.mcu.externaltools.gnu-tools-for-stm32.7-2018-q2-update.win32_1.5.0.202011040924/tools/bin/../lib/gcc/arm-none-eabi/7.3.1/../../../../arm-none-eabi/lib/thumb/v7e-m/fpv4-sp/hard\libm.a(lib_a-sf_atan.o)
 .ARM.attributes
                0x0000000000000b3c       0x34 c:/st/stm32cubeide_1.5.1_install/stm32cubeide/plugins/com.st.stm32cube.ide.mcu.externaltools.gnu-tools-for-stm32.7-2018-q2-update.win32_1.5.0.202011040924/tools/bin/../lib/gcc/arm-none-eabi/7.3.1/../../../../arm-none-eabi/lib/thumb/v7e-m/fpv4-sp/hard\libm.a(lib_a-sf_fabs.o)
 .ARM.attributes
                0x0000000000000b70       0x22 c:/st/stm32cubeide_1.5.1_install/stm32cubeide/plugins/com.st.stm32cube.ide.mcu.externaltools.gnu-tools-for-stm32.7-2018-q2-update.win32_1.5.0.202011040924/tools/bin/../lib/gcc/arm-none-eabi/7.3.1/thumb/v7e-m/fpv4-sp/hard\libgcc.a(_arm_addsubdf3.o)
 .ARM.attributes
                0x0000000000000b92       0x22 c:/st/stm32cubeide_1.5.1_install/stm32cubeide/plugins/com.st.stm32cube.ide.mcu.externaltools.gnu-tools-for-stm32.7-2018-q2-update.win32_1.5.0.202011040924/tools/bin/../lib/gcc/arm-none-eabi/7.3.1/thumb/v7e-m/fpv4-sp/hard\libgcc.a(_arm_muldivdf3.o)
 .ARM.attributes
                0x0000000000000bb4       0x22 c:/st/stm32cubeide_1.5.1_install/stm32cubeide/plugins/com.st.stm32cube.ide.mcu.externaltools.gnu-tools-for-stm32.7-2018-q2-update.win32_1.5.0.202011040924/tools/bin/../lib/gcc/arm-none-eabi/7.3.1/thumb/v7e-m/fpv4-sp/hard\libgcc.a(_arm_fixunsdfsi.o)
 .ARM.attributes
                0x0000000000000bd6       0x22 c:/st/stm32cubeide_1.5.1_install/stm32cubeide/plugins/com.st.stm32cube.ide.mcu.externaltools.gnu-tools-for-stm32.7-2018-q2-update.win32_1.5.0.202011040924/tools/bin/../lib/gcc/arm-none-eabi/7.3.1/thumb/v7e-m/fpv4-sp/hard\libgcc.a(_arm_truncdfsf2.o)
 .ARM.attributes
                0x0000000000000bf8       0x22 c:/st/stm32cubeide_1.5.1_install/stm32cubeide/plugins/com.st.stm32cube.ide.mcu.externaltools.gnu-tools-for-stm32.7-2018-q2-update.win32_1.5.0.202011040924/tools/bin/../lib/gcc/arm-none-eabi/7.3.1/thumb/v7e-m/fpv4-sp/hard/crtn.o
OUTPUT(SDCP_STM32_new_1.elf elf32-littlearm)

.debug_info     0x0000000000000000    0x1c63b
 .debug_info    0x0000000000000000     0x2718 Core/Src/Configurations.o
 .debug_info    0x0000000000002718      0x529 Core/Src/Flash.o
 .debug_info    0x0000000000002c41     0x2b57 Core/Src/LCD_GUI.o
 .debug_info    0x0000000000005798     0x1ab9 Core/Src/LCD_Nokia5110.o
 .debug_info    0x0000000000007251      0x8d7 Core/Src/LCD_characterBitmaps.o
 .debug_info    0x0000000000007b28     0x2a60 Core/Src/LED.o
 .debug_info    0x000000000000a588     0x3058 Core/Src/MPU6050.o
 .debug_info    0x000000000000d5e0     0x2922 Core/Src/Motion_Processing.o
 .debug_info    0x000000000000ff02     0x2bcf Core/Src/Protocol_Manager.o
 .debug_info    0x0000000000012ad1     0x1d50 Core/Src/Rotary_Encoder.o
 .debug_info    0x0000000000014821     0x12ba Core/Src/SDCP.o
 .debug_info    0x0000000000015adb      0x3ed Core/Src/System.o
 .debug_info    0x0000000000015ec8      0x25d Core/Src/Task_Manager.o
 .debug_info    0x0000000000016125      0xc06 Core/Src/Timing_Measurement.o
 .debug_info    0x0000000000016d2b      0x980 Core/Src/UART.o
 .debug_info    0x00000000000176ab     0x26d6 Core/Src/main.o
 .debug_info    0x0000000000019d81      0x20a Core/Src/stm32f4xx_it.o
 .debug_info    0x0000000000019f8b      0xebd Core/Src/syscalls.o
 .debug_info    0x000000000001ae48      0x985 Core/Src/sysmem.o
 .debug_info    0x000000000001b7cd      0x57e Core/Src/system_stm32f4xx.o
 .debug_info    0x000000000001bd4b       0x22 Core/Startup/startup_stm32f401retx.o
 .debug_info    0x000000000001bd6d      0x8ce Drivers/STM32F4xx_HAL_Driver/Src/stm32f4xx_hal.o

.debug_abbrev   0x0000000000000000     0x341b
 .debug_abbrev  0x0000000000000000      0x307 Core/Src/Configurations.o
 .debug_abbrev  0x0000000000000307      0x237 Core/Src/Flash.o
 .debug_abbrev  0x000000000000053e      0x35a Core/Src/LCD_GUI.o
 .debug_abbrev  0x0000000000000898      0x368 Core/Src/LCD_Nokia5110.o
 .debug_abbrev  0x0000000000000c00      0x174 Core/Src/LCD_characterBitmaps.o
 .debug_abbrev  0x0000000000000d74      0x311 Core/Src/LED.o
 .debug_abbrev  0x0000000000001085      0x40d Core/Src/MPU6050.o
 .debug_abbrev  0x0000000000001492      0x36d Core/Src/Motion_Processing.o
 .debug_abbrev  0x00000000000017ff      0x414 Core/Src/Protocol_Manager.o
 .debug_abbrev  0x0000000000001c13      0x2b0 Core/Src/Rotary_Encoder.o
 .debug_abbrev  0x0000000000001ec3      0x32a Core/Src/SDCP.o
 .debug_abbrev  0x00000000000021ed      0x11c Core/Src/System.o
 .debug_abbrev  0x0000000000002309      0x138 Core/Src/Task_Manager.o
 .debug_abbrev  0x0000000000002441      0x265 Core/Src/Timing_Measurement.o
 .debug_abbrev  0x00000000000026a6      0x277 Core/Src/UART.o
 .debug_abbrev  0x000000000000291d      0x30d Core/Src/main.o
 .debug_abbrev  0x0000000000002c2a       0xc6 Core/Src/stm32f4xx_it.o
 .debug_abbrev  0x0000000000002cf0      0x261 Core/Src/syscalls.o
 .debug_abbrev  0x0000000000002f51      0x19b Core/Src/sysmem.o
 .debug_abbrev  0x00000000000030ec      0x12b Core/Src/system_stm32f4xx.o
 .debug_abbrev  0x0000000000003217       0x12 Core/Startup/startup_stm32f401retx.o
 .debug_abbrev  0x0000000000003229      0x1f2 Drivers/STM32F4xx_HAL_Driver/Src/stm32f4xx_hal.o

.debug_aranges  0x0000000000000000      0x8e8
 .debug_aranges
                0x0000000000000000       0x30 Core/Src/Configurations.o
 .debug_aranges
                0x0000000000000030       0x68 Core/Src/Flash.o
 .debug_aranges
                0x0000000000000098      0x150 Core/Src/LCD_GUI.o
 .debug_aranges
                0x00000000000001e8       0xf0 Core/Src/LCD_Nokia5110.o
 .debug_aranges
                0x00000000000002d8       0x20 Core/Src/LCD_characterBitmaps.o
 .debug_aranges
                0x00000000000002f8       0x30 Core/Src/LED.o
 .debug_aranges
                0x0000000000000328       0x98 Core/Src/MPU6050.o
 .debug_aranges
                0x00000000000003c0       0x48 Core/Src/Motion_Processing.o
 .debug_aranges
                0x0000000000000408       0x88 Core/Src/Protocol_Manager.o
 .debug_aranges
                0x0000000000000490       0x38 Core/Src/Rotary_Encoder.o
 .debug_aranges
                0x00000000000004c8       0x70 Core/Src/SDCP.o
 .debug_aranges
                0x0000000000000538       0x28 Core/Src/System.o
 .debug_aranges
                0x0000000000000560       0x28 Core/Src/Task_Manager.o
 .debug_aranges
                0x0000000000000588       0x80 Core/Src/Timing_Measurement.o
 .debug_aranges
                0x0000000000000608       0x58 Core/Src/UART.o
 .debug_aranges
                0x0000000000000660       0x20 Core/Src/main.o
 .debug_aranges
                0x0000000000000680       0x60 Core/Src/stm32f4xx_it.o
 .debug_aranges
                0x00000000000006e0       0xa8 Core/Src/syscalls.o
 .debug_aranges
                0x0000000000000788       0x20 Core/Src/sysmem.o
 .debug_aranges
                0x00000000000007a8       0x28 Core/Src/system_stm32f4xx.o
 .debug_aranges
                0x00000000000007d0       0x28 Core/Startup/startup_stm32f401retx.o
 .debug_aranges
                0x00000000000007f8       0xf0 Drivers/STM32F4xx_HAL_Driver/Src/stm32f4xx_hal.o

.debug_ranges   0x0000000000000000      0x7f0
 .debug_ranges  0x0000000000000000       0x20 Core/Src/Configurations.o
 .debug_ranges  0x0000000000000020       0x70 Core/Src/Flash.o
 .debug_ranges  0x0000000000000090      0x140 Core/Src/LCD_GUI.o
 .debug_ranges  0x00000000000001d0       0xe0 Core/Src/LCD_Nokia5110.o
 .debug_ranges  0x00000000000002b0       0x10 Core/Src/LCD_characterBitmaps.o
 .debug_ranges  0x00000000000002c0       0x20 Core/Src/LED.o
 .debug_ranges  0x00000000000002e0       0x88 Core/Src/MPU6050.o
 .debug_ranges  0x0000000000000368       0x38 Core/Src/Motion_Processing.o
 .debug_ranges  0x00000000000003a0       0x78 Core/Src/Protocol_Manager.o
 .debug_ranges  0x0000000000000418       0x28 Core/Src/Rotary_Encoder.o
 .debug_ranges  0x0000000000000440       0xa8 Core/Src/SDCP.o
 .debug_ranges  0x00000000000004e8       0x18 Core/Src/System.o
 .debug_ranges  0x0000000000000500       0x18 Core/Src/Task_Manager.o
 .debug_ranges  0x0000000000000518       0x70 Core/Src/Timing_Measurement.o
 .debug_ranges  0x0000000000000588       0x48 Core/Src/UART.o
 .debug_ranges  0x00000000000005d0       0x10 Core/Src/main.o
 .debug_ranges  0x00000000000005e0       0x50 Core/Src/stm32f4xx_it.o
 .debug_ranges  0x0000000000000630       0x98 Core/Src/syscalls.o
 .debug_ranges  0x00000000000006c8       0x10 Core/Src/sysmem.o
 .debug_ranges  0x00000000000006d8       0x18 Core/Src/system_stm32f4xx.o
 .debug_ranges  0x00000000000006f0       0x20 Core/Startup/startup_stm32f401retx.o
 .debug_ranges  0x0000000000000710       0xe0 Drivers/STM32F4xx_HAL_Driver/Src/stm32f4xx_hal.o

.debug_macro    0x0000000000000000    0x19d68
 .debug_macro   0x0000000000000000      0x45b Core/Src/Configurations.o
 .debug_macro   0x000000000000045b      0xa5a Core/Src/Configurations.o
 .debug_macro   0x0000000000000eb5      0x288 Core/Src/Configurations.o
 .debug_macro   0x000000000000113d       0x2e Core/Src/Configurations.o
 .debug_macro   0x000000000000116b       0x28 Core/Src/Configurations.o
 .debug_macro   0x0000000000001193       0x22 Core/Src/Configurations.o
 .debug_macro   0x00000000000011b5       0x8e Core/Src/Configurations.o
 .debug_macro   0x0000000000001243       0x51 Core/Src/Configurations.o
 .debug_macro   0x0000000000001294       0xef Core/Src/Configurations.o
 .debug_macro   0x0000000000001383       0x6a Core/Src/Configurations.o
 .debug_macro   0x00000000000013ed      0x1df Core/Src/Configurations.o
 .debug_macro   0x00000000000015cc       0x1c Core/Src/Configurations.o
 .debug_macro   0x00000000000015e8       0x22 Core/Src/Configurations.o
 .debug_macro   0x000000000000160a       0xdf Core/Src/Configurations.o
 .debug_macro   0x00000000000016e9     0x102d Core/Src/Configurations.o
 .debug_macro   0x0000000000002716      0x11f Core/Src/Configurations.o
 .debug_macro   0x0000000000002835     0xb850 Core/Src/Configurations.o
 .debug_macro   0x000000000000e085       0x43 Core/Src/Configurations.o
 .debug_macro   0x000000000000e0c8     0x3659 Core/Src/Configurations.o
 .debug_macro   0x0000000000011721      0x174 Core/Src/Configurations.o
 .debug_macro   0x0000000000011895       0x5a Core/Src/Configurations.o
 .debug_macro   0x00000000000118ef      0x416 Core/Src/Configurations.o
 .debug_macro   0x0000000000011d05      0x9fe Core/Src/Configurations.o
 .debug_macro   0x0000000000012703      0x117 Core/Src/Configurations.o
 .debug_macro   0x000000000001281a       0xf8 Core/Src/Configurations.o
 .debug_macro   0x0000000000012912       0x27 Core/Src/Configurations.o
 .debug_macro   0x0000000000012939      0x15f Core/Src/Configurations.o
 .debug_macro   0x0000000000012a98      0x287 Core/Src/Configurations.o
 .debug_macro   0x0000000000012d1f       0x5f Core/Src/Configurations.o
 .debug_macro   0x0000000000012d7e      0x236 Core/Src/Configurations.o
 .debug_macro   0x0000000000012fb4      0x132 Core/Src/Configurations.o
 .debug_macro   0x00000000000130e6      0x264 Core/Src/Configurations.o
 .debug_macro   0x000000000001334a       0x2e Core/Src/Configurations.o
 .debug_macro   0x0000000000013378      0x11a Core/Src/Configurations.o
 .debug_macro   0x0000000000013492       0x85 Core/Src/Configurations.o
 .debug_macro   0x0000000000013517       0x89 Core/Src/Configurations.o
 .debug_macro   0x00000000000135a0      0x126 Core/Src/Configurations.o
 .debug_macro   0x00000000000136c6       0x10 Core/Src/Configurations.o
 .debug_macro   0x00000000000136d6       0x46 Core/Src/Configurations.o
 .debug_macro   0x000000000001371c       0x18 Core/Src/Configurations.o
 .debug_macro   0x0000000000013734       0x3c Core/Src/Configurations.o
 .debug_macro   0x0000000000013770       0x34 Core/Src/Configurations.o
 .debug_macro   0x00000000000137a4       0x16 Core/Src/Configurations.o
 .debug_macro   0x00000000000137ba       0x35 Core/Src/Configurations.o
 .debug_macro   0x00000000000137ef      0x32a Core/Src/Configurations.o
 .debug_macro   0x0000000000013b19       0x10 Core/Src/Configurations.o
 .debug_macro   0x0000000000013b29       0x52 Core/Src/Configurations.o
 .debug_macro   0x0000000000013b7b       0x1f Core/Src/Configurations.o
 .debug_macro   0x0000000000013b9a       0x43 Core/Src/Configurations.o
 .debug_macro   0x0000000000013bdd       0x20 Core/Src/Configurations.o
 .debug_macro   0x0000000000013bfd      0x1a3 Core/Src/Configurations.o
 .debug_macro   0x0000000000013da0       0x10 Core/Src/Configurations.o
 .debug_macro   0x0000000000013db0       0x1c Core/Src/Configurations.o
 .debug_macro   0x0000000000013dcc       0x52 Core/Src/Configurations.o
 .debug_macro   0x0000000000013e1e       0x40 Core/Src/Configurations.o
 .debug_macro   0x0000000000013e5e       0x10 Core/Src/Configurations.o
 .debug_macro   0x0000000000013e6e       0x40 Core/Src/Configurations.o
 .debug_macro   0x0000000000013eae       0xd7 Core/Src/Configurations.o
 .debug_macro   0x0000000000013f85       0x1c Core/Src/Configurations.o