LCD_GUI.c:4:6:LCD_GUI_Init	16	static
LCD_GUI.c:47:13:LCD_GUI_Config_Screen	8	static
LCD_GUI.c:72:13:LCD_GUI_Config_Screen_A	8	static
LCD_GUI.c:98:13:LCD_GUI_Config_Screen_IMU_settings_A	8	static
LCD_GUI.c:135:13:LCD_GUI_Config_Screen_IMU_settings_B	8	static
LCD_GUI.c:172:13:LCD_GUI_Config_Screen_IMU_settings_C	8	static
LCD_GUI.c:196:13:LCD_GUI_Config_Screen_IMU_settings_D	8	static
LCD_GUI.c:220:13:LCD_GUI_Config_Screen_IMU_settings_E	8	static
LCD_GUI.c:249:13:LCD_GUI_Config_Screen_IMU_settings_F	8	static
LCD_GUI.c:279:13:LCD_GUI_Config_Screen_B	8	static
LCD_GUI.c:304:13:LCD_GUI_Config_Screen_CF_settings_A	8	static
LCD_GUI.c:335:13:LCD_GUI_Config_Screen_CF_settings_B	8	static
LCD_GUI.c:366:13:LCD_GUI_Config_Screen_CF_settings_C	8	static
LCD_GUI.c:392:13:LCD_GUI_Config_Screen_CF_settings_D	8	static
LCD_GUI.c:418:13:LCD_GUI_Config_Screen_Tilt_Detection_settings_A	8	static
LCD_GUI.c:449:13:LCD_GUI_Config_Screen_Tilt_Detection_settings_B	8	static
LCD_GUI.c:480:13:LCD_GUI_Config_Screen_Tilt_Detection_settings_C	8	static
LCD_GUI.c:506:13:LCD_GUI_Config_Screen_Tilt_Detection_settings_D	8	static
LCD_GUI.c:532:13:LCD_GUI_Config_Screen_Vibration_Detection_settings_A	8	static
LCD_GUI.c:563:13:LCD_GUI_Config_Screen_Vibration_Detection_settings_B	8	static
LCD_GUI.c:594:13:LCD_GUI_Config_Screen_Vibration_Detection_settings_C	8	static
LCD_GUI.c:620:13:LCD_GUI_Config_Screen_Vibration_Detection_settings_D	8	static
LCD_GUI.c:647:13:LCD_GUI_Config_Screen_LED_settings_A	8	static
LCD_GUI.c:690:13:LCD_GUI_Config_Screen_LED_settings_B	8	static
LCD_GUI.c:733:13:LCD_GUI_Config_Screen_LED_settings_C	8	static
LCD_GUI.c:765:13:LCD_GUI_Config_Screen_LED_settings_D	8	static
LCD_GUI.c:797:13:LCD_GUI_Config_Screen_C	8	static
LCD_GUI.c:823:13:LCD_GUI_Config_Screen_D	8	static
LCD_GUI.c:849:13:LCD_GUI_Config_Screen_E	8	static
LCD_GUI.c:874:13:LCD_GUI_Config_Screen_F	8	static
LCD_GUI.c:902:13:LCD_GUI_Accel_Raw	8	static
LCD_GUI.c:929:13:LCD_GUI_Accel_Processed	8	static
LCD_GUI.c:956:13:LCD_GUI_Gyro_Raw	8	static
LCD_GUI.c:984:13:LCD_GUI_Gyro_Processed	8	static
LCD_GUI.c:1012:13:LCD_GUI_RYP_Accel	8	static
LCD_GUI.c:1039:13:LCD_GUI_RYP_Gyro	8	static
LCD_GUI.c:1066:13:LCD_GUI_RYP_Filter	8	static
LCD_GUI.c:1093:13:LCD_GUI_Motion_Detection	8	static
LCD_GUI.c:1140:6:LCD_GUI_Update	40	static,ignoring_inline_asm
