core_cm4.h:1688:22:__NVIC_EnableIRQ	16	static
core_cm4.h:1816:22:__NVIC_SetPriority	16	static
LCD_Nokia5110.c:4:6:Nokia5110_clear	16	static
LCD_Nokia5110.c:15:13:Nokia5110_SysTick_delay_ms	16	static
LCD_Nokia5110.c:47:6:Nokia5110_GPIO_Init	4	static
LCD_Nokia5110.c:82:6:Nokia5110_SPI_Init	4	static
LCD_Nokia5110.c:127:6:Nokia5110_SPI_TxP	16	static
LCD_Nokia5110.c:141:6:Nokia5110_SPI_DMA_TransferByte	16	static
LCD_Nokia5110.c:217:6:DMA1_Stream4_IRQHandler	4	static
LCD_Nokia5110.c:241:6:Nokia5110_writeByte	16	static
LCD_Nokia5110.c:250:6:Nokia5110_updateDisplay	8	static
LCD_Nokia5110.c:325:6:Nokia5110_Init	16	static
LCD_Nokia5110.c:358:6:Nokia5110_setPosition	16	static
LCD_Nokia5110.c:374:6:Nokia5110_printASCII	32	static
LCD_Nokia5110.c:422:6:Nokia5110_printString	16	static
LCD_Nokia5110.c:432:6:Nokia5110_printU8	32	static
LCD_Nokia5110.c:491:6:Nokia5110_printU16	40	static
LCD_Nokia5110.c:553:6:Nokia5110_printU32	48	static
LCD_Nokia5110.c:623:6:Nokia5110_printU32_NB	56	static
LCD_Nokia5110.c:710:6:Nokia5110_printI8	16	static
LCD_Nokia5110.c:720:6:Nokia5110_printI16	16	static
LCD_Nokia5110.c:730:6:Nokia5110_printI32	16	static
LCD_Nokia5110.c:740:6:Nokia5110_printFloat	24	static
LCD_Nokia5110.c:776:6:Nokia5110_drawHorizontalLine	24	static
LCD_Nokia5110.c:789:6:Nokia5110_drawVerticalLine	32	static
LCD_Nokia5110.c:805:6:Nokia5110_drawRectangle	24	static
LCD_Nokia5110.c:814:6:Nokia5110_drawBitmap	40	static,ignoring_inline_asm
